Archive member included to satisfy reference by file (symbol)

c:/st/stm32cubeide_1.1.0/stm32cubeide/plugins/com.st.stm32cube.ide.mcu.externaltools.gnu-tools-for-stm32.10.3-2021.10.win32_1.0.0.202111181127/tools/bin/../lib/gcc/arm-none-eabi/10.3.1/../../../../arm-none-eabi/lib/thumb/v7e-m+fp/hard\libc_nano.a(lib_a-errno.o)
                              ./Core/Src/syscalls.o (__errno)
c:/st/stm32cubeide_1.1.0/stm32cubeide/plugins/com.st.stm32cube.ide.mcu.externaltools.gnu-tools-for-stm32.10.3-2021.10.win32_1.0.0.202111181127/tools/bin/../lib/gcc/arm-none-eabi/10.3.1/../../../../arm-none-eabi/lib/thumb/v7e-m+fp/hard\libc_nano.a(lib_a-exit.o)
                              c:/st/stm32cubeide_1.1.0/stm32cubeide/plugins/com.st.stm32cube.ide.mcu.externaltools.gnu-tools-for-stm32.10.3-2021.10.win32_1.0.0.202111181127/tools/bin/../lib/gcc/arm-none-eabi/10.3.1/../../../../arm-none-eabi/lib/thumb/v7e-m+fp/hard/crt0.o (exit)
c:/st/stm32cubeide_1.1.0/stm32cubeide/plugins/com.st.stm32cube.ide.mcu.externaltools.gnu-tools-for-stm32.10.3-2021.10.win32_1.0.0.202111181127/tools/bin/../lib/gcc/arm-none-eabi/10.3.1/../../../../arm-none-eabi/lib/thumb/v7e-m+fp/hard\libc_nano.a(lib_a-impure.o)
                              c:/st/stm32cubeide_1.1.0/stm32cubeide/plugins/com.st.stm32cube.ide.mcu.externaltools.gnu-tools-for-stm32.10.3-2021.10.win32_1.0.0.202111181127/tools/bin/../lib/gcc/arm-none-eabi/10.3.1/../../../../arm-none-eabi/lib/thumb/v7e-m+fp/hard\libc_nano.a(lib_a-exit.o) (_global_impure_ptr)
c:/st/stm32cubeide_1.1.0/stm32cubeide/plugins/com.st.stm32cube.ide.mcu.externaltools.gnu-tools-for-stm32.10.3-2021.10.win32_1.0.0.202111181127/tools/bin/../lib/gcc/arm-none-eabi/10.3.1/../../../../arm-none-eabi/lib/thumb/v7e-m+fp/hard\libc_nano.a(lib_a-init.o)
                              c:/st/stm32cubeide_1.1.0/stm32cubeide/plugins/com.st.stm32cube.ide.mcu.externaltools.gnu-tools-for-stm32.10.3-2021.10.win32_1.0.0.202111181127/tools/bin/../lib/gcc/arm-none-eabi/10.3.1/../../../../arm-none-eabi/lib/thumb/v7e-m+fp/hard/crt0.o (__libc_init_array)
c:/st/stm32cubeide_1.1.0/stm32cubeide/plugins/com.st.stm32cube.ide.mcu.externaltools.gnu-tools-for-stm32.10.3-2021.10.win32_1.0.0.202111181127/tools/bin/../lib/gcc/arm-none-eabi/10.3.1/../../../../arm-none-eabi/lib/thumb/v7e-m+fp/hard\libc_nano.a(lib_a-memset.o)
                              c:/st/stm32cubeide_1.1.0/stm32cubeide/plugins/com.st.stm32cube.ide.mcu.externaltools.gnu-tools-for-stm32.10.3-2021.10.win32_1.0.0.202111181127/tools/bin/../lib/gcc/arm-none-eabi/10.3.1/../../../../arm-none-eabi/lib/thumb/v7e-m+fp/hard/crt0.o (memset)
c:/st/stm32cubeide_1.1.0/stm32cubeide/plugins/com.st.stm32cube.ide.mcu.externaltools.gnu-tools-for-stm32.10.3-2021.10.win32_1.0.0.202111181127/tools/bin/../lib/gcc/arm-none-eabi/10.3.1/../../../../arm-none-eabi/lib/thumb/v7e-m+fp/hard\libc_nano.a(lib_a-nano-vfprintf_float.o)
                              (_printf_float)
c:/st/stm32cubeide_1.1.0/stm32cubeide/plugins/com.st.stm32cube.ide.mcu.externaltools.gnu-tools-for-stm32.10.3-2021.10.win32_1.0.0.202111181127/tools/bin/../lib/gcc/arm-none-eabi/10.3.1/../../../../arm-none-eabi/lib/thumb/v7e-m+fp/hard\libc_nano.a(lib_a-nano-vfprintf_i.o)
                              c:/st/stm32cubeide_1.1.0/stm32cubeide/plugins/com.st.stm32cube.ide.mcu.externaltools.gnu-tools-for-stm32.10.3-2021.10.win32_1.0.0.202111181127/tools/bin/../lib/gcc/arm-none-eabi/10.3.1/../../../../arm-none-eabi/lib/thumb/v7e-m+fp/hard\libc_nano.a(lib_a-nano-vfprintf_float.o) (_printf_common)
c:/st/stm32cubeide_1.1.0/stm32cubeide/plugins/com.st.stm32cube.ide.mcu.externaltools.gnu-tools-for-stm32.10.3-2021.10.win32_1.0.0.202111181127/tools/bin/../lib/gcc/arm-none-eabi/10.3.1/../../../../arm-none-eabi/lib/thumb/v7e-m+fp/hard\libc_nano.a(lib_a-nano-vfscanf_float.o)
                              (_scanf_float)
c:/st/stm32cubeide_1.1.0/stm32cubeide/plugins/com.st.stm32cube.ide.mcu.externaltools.gnu-tools-for-stm32.10.3-2021.10.win32_1.0.0.202111181127/tools/bin/../lib/gcc/arm-none-eabi/10.3.1/../../../../arm-none-eabi/lib/thumb/v7e-m+fp/hard\libc_nano.a(lib_a-sf_nan.o)
                              c:/st/stm32cubeide_1.1.0/stm32cubeide/plugins/com.st.stm32cube.ide.mcu.externaltools.gnu-tools-for-stm32.10.3-2021.10.win32_1.0.0.202111181127/tools/bin/../lib/gcc/arm-none-eabi/10.3.1/../../../../arm-none-eabi/lib/thumb/v7e-m+fp/hard\libc_nano.a(lib_a-nano-vfscanf_float.o) (nanf)
c:/st/stm32cubeide_1.1.0/stm32cubeide/plugins/com.st.stm32cube.ide.mcu.externaltools.gnu-tools-for-stm32.10.3-2021.10.win32_1.0.0.202111181127/tools/bin/../lib/gcc/arm-none-eabi/10.3.1/../../../../arm-none-eabi/lib/thumb/v7e-m+fp/hard\libc_nano.a(lib_a-sprintf.o)
                              ./Core/Src/LoRa_APP_slave.o (sprintf)
[...]
Memory Configuration

Name             Origin             Length             Attributes
RAM              0x0000000020000000 0x0000000000050000 xrw
FLASH            0x0000000008000000 0x0000000000100000 xr
*default*        0x0000000000000000 0xffffffffffffffff

Linker script and memory map

LOAD c:/st/stm32cubeide_1.1.0/stm32cubeide/plugins/com.st.stm32cube.ide.mcu.externaltools.gnu-tools-for-stm32.10.3-2021.10.win32_1.0.0.202111181127/tools/bin/../lib/gcc/arm-none-eabi/10.3.1/thumb/v7e-m+fp/hard/crti.o
LOAD c:/st/stm32cubeide_1.1.0/stm32cubeide/plugins/com.st.stm32cube.ide.mcu.externaltools.gnu-tools-for-stm32.10.3-2021.10.win32_1.0.0.202111181127/tools/bin/../lib/gcc/arm-none-eabi/10.3.1/thumb/v7e-m+fp/hard/crtbegin.o
LOAD c:/st/stm32cubeide_1.1.0/stm32cubeide/plugins/com.st.stm32cube.ide.mcu.externaltools.gnu-tools-for-stm32.10.3-2021.10.win32_1.0.0.202111181127/tools/bin/../lib/gcc/arm-none-eabi/10.3.1/../../../../arm-none-eabi/lib/thumb/v7e-m+fp/hard/crt0.o
LOAD ./Core/Src/ADC_APP.o
LOAD ./Core/Src/LoRa_APP_slave.o
LOAD ./Core/Src/PWR_Standby.o
LOAD ./Core/Src/main.o
LOAD ./Core/Src/stm32l4xx_hal_msp.o
LOAD ./Core/Src/stm32l4xx_it.o
LOAD ./Core/Src/syscalls.o
LOAD ./Core/Src/sysmem.o
LOAD ./Core/Src/system_stm32l4xx.o
LOAD ./Core/Startup/startup_stm32l4a6rgtx.o
LOAD ./Drivers/STM32L4xx_HAL_Driver/Src/stm32l4xx_hal.o
LOAD ./Drivers/STM32L4xx_HAL_Driver/Src/stm32l4xx_hal_adc.o
LOAD ./Drivers/STM32L4xx_HAL_Driver/Src/stm32l4xx_hal_adc_ex.o
LOAD ./Drivers/STM32L4xx_HAL_Driver/Src/stm32l4xx_hal_cortex.o
LOAD ./Drivers/STM32L4xx_HAL_Driver/Src/stm32l4xx_hal_dma.o
LOAD ./Drivers/STM32L4xx_HAL_Driver/Src/stm32l4xx_hal_dma_ex.o
LOAD ./Drivers/STM32L4xx_HAL_Driver/Src/stm32l4xx_hal_exti.o
LOAD ./Drivers/STM32L4xx_HAL_Driver/Src/stm32l4xx_hal_flash.o
LOAD ./Drivers/STM32L4xx_HAL_Driver/Src/stm32l4xx_hal_flash_ex.o
LOAD ./Drivers/STM32L4xx_HAL_Driver/Src/stm32l4xx_hal_flash_ramfunc.o
LOAD ./Drivers/STM32L4xx_HAL_Driver/Src/stm32l4xx_hal_gpio.o
LOAD ./Drivers/STM32L4xx_HAL_Driver/Src/stm32l4xx_hal_i2c.o
LOAD ./Drivers/STM32L4xx_HAL_Driver/Src/stm32l4xx_hal_i2c_ex.o
LOAD ./Drivers/STM32L4xx_HAL_Driver/Src/stm32l4xx_hal_iwdg.o
LOAD ./Drivers/STM32L4xx_HAL_Driver/Src/stm32l4xx_hal_pwr.o
LOAD ./Drivers/STM32L4xx_HAL_Driver/Src/stm32l4xx_hal_pwr_ex.o
LOAD ./Drivers/STM32L4xx_HAL_Driver/Src/stm32l4xx_hal_rcc.o
LOAD ./Drivers/STM32L4xx_HAL_Driver/Src/stm32l4xx_hal_rcc_ex.o
LOAD ./Drivers/STM32L4xx_HAL_Driver/Src/stm32l4xx_hal_rtc.o
LOAD ./Drivers/STM32L4xx_HAL_Driver/Src/stm32l4xx_hal_rtc_ex.o
LOAD ./Drivers/STM32L4xx_HAL_Driver/Src/stm32l4xx_hal_tim.o
LOAD ./Drivers/STM32L4xx_HAL_Driver/Src/stm32l4xx_hal_tim_ex.o
LOAD ./Drivers/STM32L4xx_HAL_Driver/Src/stm32l4xx_hal_uart.o
LOAD ./Drivers/STM32L4xx_HAL_Driver/Src/stm32l4xx_hal_uart_ex.o
LOAD ./Drivers/STM32L4xx_HAL_Driver/Src/stm32l4xx_ll_crc.o
LOAD ./Drivers/STM32L4xx_HAL_Driver/Src/stm32l4xx_ll_exti.o
LOAD ./Drivers/STM32L4xx_HAL_Driver/Src/stm32l4xx_ll_gpio.o
LOAD ./Drivers/STM32L4xx_HAL_Driver/Src/stm32l4xx_ll_utils.o
LOAD ./Middlewares/ST/EEPROM_Emul/Core/eeprom_emul.o
LOAD ./Middlewares/ST/EEPROM_Emul/Porting/STM32L4/flash_interface.o
START GROUP
LOAD c:/st/stm32cubeide_1.1.0/stm32cubeide/plugins/com.st.stm32cube.ide.mcu.externaltools.gnu-tools-for-stm32.10.3-2021.10.win32_1.0.0.202111181127/tools/bin/../lib/gcc/arm-none-eabi/10.3.1/../../../../arm-none-eabi/lib/thumb/v7e-m+fp/hard\libc_nano.a
LOAD c:/st/stm32cubeide_1.1.0/stm32cubeide/plugins/com.st.stm32cube.ide.mcu.externaltools.gnu-tools-for-stm32.10.3-2021.10.win32_1.0.0.202111181127/tools/bin/../lib/gcc/arm-none-eabi/10.3.1/../../../../arm-none-eabi/lib/thumb/v7e-m+fp/hard\libm.a
END GROUP
START GROUP
LOAD c:/st/stm32cubeide_1.1.0/stm32cubeide/plugins/com.st.stm32cube.ide.mcu.externaltools.gnu-tools-for-stm32.10.3-2021.10.win32_1.0.0.202111181127/tools/bin/../lib/gcc/arm-none-eabi/10.3.1/thumb/v7e-m+fp/hard\libgcc.a
LOAD c:/st/stm32cubeide_1.1.0/stm32cubeide/plugins/com.st.stm32cube.ide.mcu.externaltools.gnu-tools-for-stm32.10.3-2021.10.win32_1.0.0.202111181127/tools/bin/../lib/gcc/arm-none-eabi/10.3.1/../../../../arm-none-eabi/lib/thumb/v7e-m+fp/hard\libc_nano.a
END GROUP
START GROUP
LOAD c:/st/stm32cubeide_1.1.0/stm32cubeide/plugins/com.st.stm32cube.ide.mcu.externaltools.gnu-tools-for-stm32.10.3-2021.10.win32_1.0.0.202111181127/tools/bin/../lib/gcc/arm-none-eabi/10.3.1/thumb/v7e-m+fp/hard\libgcc.a
LOAD c:/st/stm32cubeide_1.1.0/stm32cubeide/plugins/com.st.stm32cube.ide.mcu.externaltools.gnu-tools-for-stm32.10.3-2021.10.win32_1.0.0.202111181127/tools/bin/../lib/gcc/arm-none-eabi/10.3.1/../../../../arm-none-eabi/lib/thumb/v7e-m+fp/hard\libc_nano.a
LOAD c:/st/stm32cubeide_1.1.0/stm32cubeide/plugins/com.st.stm32cube.ide.mcu.externaltools.gnu-tools-for-stm32.10.3-2021.10.win32_1.0.0.202111181127/tools/bin/../lib/gcc/arm-none-eabi/10.3.1/../../../../arm-none-eabi/lib/thumb/v7e-m+fp/hard\libnosys.a
END GROUP
START GROUP
LOAD c:/st/stm32cubeide_1.1.0/stm32cubeide/plugins/com.st.stm32cube.ide.mcu.externaltools.gnu-tools-for-stm32.10.3-2021.10.win32_1.0.0.202111181127/tools/bin/../lib/gcc/arm-none-eabi/10.3.1/thumb/v7e-m+fp/hard\libgcc.a
LOAD c:/st/stm32cubeide_1.1.0/stm32cubeide/plugins/com.st.stm32cube.ide.mcu.externaltools.gnu-tools-for-stm32.10.3-2021.10.win32_1.0.0.202111181127/tools/bin/../lib/gcc/arm-none-eabi/10.3.1/../../../../arm-none-eabi/lib/thumb/v7e-m+fp/hard\libc_nano.a
LOAD c:/st/stm32cubeide_1.1.0/stm32cubeide/plugins/com.st.stm32cube.ide.mcu.externaltools.gnu-tools-for-stm32.10.3-2021.10.win32_1.0.0.202111181127/tools/bin/../lib/gcc/arm-none-eabi/10.3.1/../../../../arm-none-eabi/lib/thumb/v7e-m+fp/hard\libnosys.a
END GROUP
LOAD c:/st/stm32cubeide_1.1.0/stm32cubeide/plugins/com.st.stm32cube.ide.mcu.externaltools.gnu-tools-for-stm32.10.3-2021.10.win32_1.0.0.202111181127/tools/bin/../lib/gcc/arm-none-eabi/10.3.1/thumb/v7e-m+fp/hard/crtend.o
LOAD c:/st/stm32cubeide_1.1.0/stm32cubeide/plugins/com.st.stm32cube.ide.mcu.externaltools.gnu-tools-for-stm32.10.3-2021.10.win32_1.0.0.202111181127/tools/bin/../lib/gcc/arm-none-eabi/10.3.1/thumb/v7e-m+fp/hard/crtn.o
                0x0000000020050000                _estack = (ORIGIN (RAM) + LENGTH (RAM))
                0x0000000000000200                _Min_Heap_Size = 0x200
                0x0000000000000400                _Min_Stack_Size = 0x400

.isr_vector     0x0000000008000000      0x1ac
                0x0000000008000000                . = ALIGN (0x4)
 *(.isr_vector)
 .isr_vector    0x0000000008000000      0x1ac ./Core/Startup/startup_stm32l4a6rgtx.o
                0x0000000008000000                g_pfnVectors
                0x00000000080001ac                . = ALIGN (0x4)

.text           0x00000000080001b0    0x11940
                0x00000000080001b0                . = ALIGN (0x4)
 *(.text)
 .text          0x00000000080001b0       0x40 c:/st/stm32cubeide_1.1.0/stm32cubeide/plugins/com.st.stm32cube.ide.mcu.externaltools.gnu-tools-for-stm32.10.3-2021.10.win32_1.0.0.202111181127/tools/bin/../lib/gcc/arm-none-eabi/10.3.1/thumb/v7e-m+fp/hard/crtbegin.o
 .text          0x00000000080001f0       0x14 c:/st/stm32cubeide_1.1.0/stm32cubeide/plugins/com.st.stm32cube.ide.mcu.externaltools.gnu-tools-for-stm32.10.3-2021.10.win32_1.0.0.202111181127/tools/bin/../lib/gcc/arm-none-eabi/10.3.1/../../../../arm-none-eabi/lib/thumb/v7e-m+fp/hard\libc_nano.a(lib_a-strcmp.o)
                0x00000000080001f0                strcmp
 .text          0x0000000008000204       0x10 c:/st/stm32cubeide_1.1.0/stm32cubeide/plugins/com.st.stm32cube.ide.mcu.externaltools.gnu-tools-for-stm32.10.3-2021.10.win32_1.0.0.202111181127/tools/bin/../lib/gcc/arm-none-eabi/10.3.1/../../../../arm-none-eabi/lib/thumb/v7e-m+fp/hard\libc_nano.a(lib_a-strlen.o)
                0x0000000008000204                strlen
 *fill*         0x0000000008000214        0xc 
 .text          0x0000000008000220       0xa0 c:/st/stm32cubeide_1.1.0/stm32cubeide/plugins/com.st.stm32cube.ide.mcu.externaltools.gnu-tools-for-stm32.10.3-2021.10.win32_1.0.0.202111181127/tools/bin/../lib/gcc/arm-none-eabi/10.3.1/../../../../arm-none-eabi/lib/thumb/v7e-m+fp/hard\libc_nano.a(lib_a-memchr.o)
                0x0000000008000220                memchr
 .text          0x00000000080002c0      0x378 c:/st/stm32cubeide_1.1.0/stm32cubeide/plugins/com.st.stm32cube.ide.mcu.externaltools.gnu-tools-for-stm32.10.3-2021.10.win32_1.0.0.202111181127/tools/bin/../lib/gcc/arm-none-eabi/10.3.1/thumb/v7e-m+fp/hard\libgcc.a(_arm_addsubdf3.o)
                0x00000000080002c0                __aeabi_drsub
                0x00000000080002c8                __aeabi_dsub
                0x00000000080002c8                __subdf3
                0x00000000080002cc                __aeabi_dadd
                0x00000000080002cc                __adddf3
                0x0000000008000544                __floatunsidf
                0x0000000008000544                __aeabi_ui2d
                0x0000000008000564                __floatsidf
                0x0000000008000564                __aeabi_i2d
                0x0000000008000588                __aeabi_f2d
                0x0000000008000588                __extendsfdf2
                0x00000000080005cc                __floatundidf
                0x00000000080005cc                __aeabi_ul2d
                0x00000000080005dc                __floatdidf
                0x00000000080005dc                __aeabi_l2d
 .text          0x0000000008000638      0x424 c:/st/stm32cubeide_1.1.0/stm32cubeide/plugins/com.st.stm32cube.ide.mcu.externaltools.gnu-tools-for-stm32.10.3-2021.10.win32_1.0.0.202111181127/tools/bin/../lib/gcc/arm-none-eabi/10.3.1/thumb/v7e-m+fp/hard\libgcc.a(_arm_muldivdf3.o)
                0x0000000008000638                __aeabi_dmul
                0x0000000008000638                __muldf3
                0x000000000800088c                __divdf3
                0x000000000800088c                __aeabi_ddiv
 .text          0x0000000008000a5c      0x110 c:/st/stm32cubeide_1.1.0/stm32cubeide/plugins/com.st.stm32cube.ide.mcu.externaltools.gnu-tools-for-stm32.10.3-2021.10.win32_1.0.0.202111181127/tools/bin/../lib/gcc/arm-none-eabi/10.3.1/thumb/v7e-m+fp/hard\libgcc.a(_arm_cmpdf2.o)
                0x0000000008000a5c                __gtdf2
                0x0000000008000a5c                __gedf2
                0x0000000008000a64                __ltdf2
                0x0000000008000a64                __ledf2
                0x0000000008000a6c                __nedf2
                0x0000000008000a6c                __eqdf2
                0x0000000008000a6c                __cmpdf2
                0x0000000008000ae8                __aeabi_cdrcmple
                0x0000000008000af8                __aeabi_cdcmpeq
                0x0000000008000af8                __aeabi_cdcmple
                0x0000000008000b08                __aeabi_dcmpeq
                0x0000000008000b1c                __aeabi_dcmplt
                0x0000000008000b30                __aeabi_dcmple
                0x0000000008000b44                __aeabi_dcmpge
                0x0000000008000b58                __aeabi_dcmpgt
 .text          0x0000000008000b6c       0x2c c:/st/stm32cubeide_1.1.0/stm32cubeide/plugins/com.st.stm32cube.ide.mcu.externaltools.gnu-tools-for-stm32.10.3-2021.10.win32_1.0.0.202111181127/tools/bin/../lib/gcc/arm-none-eabi/10.3.1/thumb/v7e-m+fp/hard\libgcc.a(_arm_unorddf2.o)
                0x0000000008000b6c                __unorddf2
                0x0000000008000b6c                __aeabi_dcmpun
 .text          0x0000000008000b98       0x50 c:/st/stm32cubeide_1.1.0/stm32cubeide/plugins/com.st.stm32cube.ide.mcu.externaltools.gnu-tools-for-stm32.10.3-2021.10.win32_1.0.0.202111181127/tools/bin/../lib/gcc/arm-none-eabi/10.3.1/thumb/v7e-m+fp/hard\libgcc.a(_arm_fixdfsi.o)
                0x0000000008000b98                __aeabi_d2iz
                0x0000000008000b98                __fixdfsi
 .text          0x0000000008000be8       0x40 c:/st/stm32cubeide_1.1.0/stm32cubeide/plugins/com.st.stm32cube.ide.mcu.externaltools.gnu-tools-for-stm32.10.3-2021.10.win32_1.0.0.202111181127/tools/bin/../lib/gcc/arm-none-eabi/10.3.1/thumb/v7e-m+fp/hard\libgcc.a(_arm_fixunsdfsi.o)
                0x0000000008000be8                __aeabi_d2uiz
                0x0000000008000be8                __fixunsdfsi
 .text          0x0000000008000c28       0xa0 c:/st/stm32cubeide_1.1.0/stm32cubeide/plugins/com.st.stm32cube.ide.mcu.externaltools.gnu-tools-for-stm32.10.3-2021.10.win32_1.0.0.202111181127/tools/bin/../lib/gcc/arm-none-eabi/10.3.1/thumb/v7e-m+fp/hard\libgcc.a(_arm_truncdfsf2.o)
                0x0000000008000c28                __truncdfsf2
                0x0000000008000c28                __aeabi_d2f
 .text          0x0000000008000cc8       0x30 c:/st/stm32cubeide_1.1.0/stm32cubeide/plugins/com.st.stm32cube.ide.mcu.externaltools.gnu-tools-for-stm32.10.3-2021.10.win32_1.0.0.202111181127/tools/bin/../lib/gcc/arm-none-eabi/10.3.1/thumb/v7e-m+fp/hard\libgcc.a(_aeabi_uldivmod.o)
                0x0000000008000cc8                __aeabi_uldivmod
 .text          0x0000000008000cf8       0x30 c:/st/stm32cubeide_1.1.0/stm32cubeide/plugins/com.st.stm32cube.ide.mcu.externaltools.gnu-tools-for-stm32.10.3-2021.10.win32_1.0.0.202111181127/tools/bin/../lib/gcc/arm-none-eabi/10.3.1/thumb/v7e-m+fp/hard\libgcc.a(_fixdfdi.o)
                0x0000000008000cf8                __fixdfdi
                0x0000000008000cf8                __aeabi_d2lz
 .text          0x0000000008000d28       0x3c c:/st/stm32cubeide_1.1.0/stm32cubeide/plugins/com.st.stm32cube.ide.mcu.externaltools.gnu-tools-for-stm32.10.3-2021.10.win32_1.0.0.202111181127/tools/bin/../lib/gcc/arm-none-eabi/10.3.1/thumb/v7e-m+fp/hard\libgcc.a(_fixunsdfdi.o)
                0x0000000008000d28                __fixunsdfdi
                0x0000000008000d28                __aeabi_d2ulz
 .text          0x0000000008000d64      0x2d0 c:/st/stm32cubeide_1.1.0/stm32cubeide/plugins/com.st.stm32cube.ide.mcu.externaltools.gnu-tools-for-stm32.10.3-2021.10.win32_1.0.0.202111181127/tools/bin/../lib/gcc/arm-none-eabi/10.3.1/thumb/v7e-m+fp/hard\libgcc.a(_udivmoddi4.o)
                0x0000000008000d64                __udivmoddi4
 .text          0x0000000008001034        0x4 c:/st/stm32cubeide_1.1.0/stm32cubeide/plugins/com.st.stm32cube.ide.mcu.externaltools.gnu-tools-for-stm32.10.3-2021.10.win32_1.0.0.202111181127/tools/bin/../lib/gcc/arm-none-eabi/10.3.1/thumb/v7e-m+fp/hard\libgcc.a(_dvmd_tls.o)
                0x0000000008001034                __aeabi_idiv0
                0x0000000008001034                __aeabi_ldiv0
 *(.text*)
 .text.ADC1_Conv
                0x0000000008001038      0x250 ./Core/Src/ADC_APP.o
                0x0000000008001038                ADC1_Conv
 .text.LoRa_USART
                0x0000000008001288      0x4a8 ./Core/Src/LoRa_APP_slave.o
                0x0000000008001288                LoRa_USART
 .text.LoRaInit
                0x0000000008001730      0x3e0 ./Core/Src/LoRa_APP_slave.o
                0x0000000008001730                LoRaInit
 .text.AdrOff   0x0000000008001b10       0x70 ./Core/Src/LoRa_APP_slave.o
                0x0000000008001b10                AdrOff
 .text.TxConfirmOff
                0x0000000008001b80       0x70 ./Core/Src/LoRa_APP_slave.o
                0x0000000008001b80                TxConfirmOff
 .text.ActiveABPMode
                0x0000000008001bf0       0x6c ./Core/Src/LoRa_APP_slave.o
                0x0000000008001bf0                ActiveABPMode
 .text.LoRaTransmitData
                0x0000000008001c5c       0x38 ./Core/Src/LoRa_APP_slave.o
                0x0000000008001c5c                LoRaTransmitData
 .text.LoRaCommand
                0x0000000008001c94       0x94 ./Core/Src/LoRa_APP_slave.o
                0x0000000008001c94                LoRaCommand
 .text.LoRaResCheck
                0x0000000008001d28      0x10c ./Core/Src/LoRa_APP_slave.o
                0x0000000008001d28                LoRaResCheck
 .text.LoRaTxResCheck
                0x0000000008001e34      0x174 ./Core/Src/LoRa_APP_slave.o
                0x0000000008001e34                LoRaTxResCheck
 .text.Check_2ResMsg
                0x0000000008001fa8       0xb0 ./Core/Src/LoRa_APP_slave.o
                0x0000000008001fa8                Check_2ResMsg
 .text.Check_JoinResMsg
                0x0000000008002058       0xe4 ./Core/Src/LoRa_APP_slave.o
                0x0000000008002058                Check_JoinResMsg
 .text.Check_Tx1stResMsg
                0x000000000800213c      0x288 ./Core/Src/LoRa_APP_slave.o
                0x000000000800213c                Check_Tx1stResMsg
 .text.Check_Tx2ndResMsg
                0x00000000080023c4      0x19c ./Core/Src/LoRa_APP_slave.o
                0x00000000080023c4                Check_Tx2ndResMsg
 .text.LoRaChipReset
                0x0000000008002560       0x64 ./Core/Src/LoRa_APP_slave.o
                0x0000000008002560                LoRaChipReset
 .text.LoRaFactorReset
                0x00000000080025c4       0x64 ./Core/Src/LoRa_APP_slave.o
                0x00000000080025c4                LoRaFactorReset
 .text.WakeUpTrigger
                0x0000000008002628       0xbc ./Core/Src/LoRa_APP_slave.o
                0x0000000008002628                WakeUpTrigger
 .text.CheckJoinStatus
                0x00000000080026e4       0x40 ./Core/Src/LoRa_APP_slave.o
                0x00000000080026e4                CheckJoinStatus
 .text.EnterSleep
                0x0000000008002724       0x70 ./Core/Src/LoRa_APP_slave.o
                0x0000000008002724                EnterSleep
 .text.LoRaSaveCF
                0x0000000008002794       0xa0 ./Core/Src/LoRa_APP_slave.o
                0x0000000008002794                LoRaSaveCF
 .text.LoRachipCrashDetect_HDRST
                0x0000000008002834       0xb8 ./Core/Src/LoRa_APP_slave.o
                0x0000000008002834                LoRachipCrashDetect_HDRST
 .text.LoRachipCrashDetect_Stop
                0x00000000080028ec       0x2c ./Core/Src/LoRa_APP_slave.o
                0x00000000080028ec                LoRachipCrashDetect_Stop
 .text.LoRa_status_init
                0x0000000008002918       0x34 ./Core/Src/LoRa_APP_slave.o
                0x0000000008002918                LoRa_status_init
 .text.EnterStandbyPWR_Mode
                0x000000000800294c       0x8c ./Core/Src/PWR_Standby.o
                0x000000000800294c                EnterStandbyPWR_Mode
 .text.EnterAlarmStnadby_Mode
                0x00000000080029d8       0x30 ./Core/Src/PWR_Standby.o
                0x00000000080029d8                EnterAlarmStnadby_Mode
 .text.RUN_PWR_Mode_Init
                0x0000000008002a08       0x94 ./Core/Src/PWR_Standby.o
                0x0000000008002a08                RUN_PWR_Mode_Init
 .text.LL_CRC_SetPolynomialSize
                0x0000000008002a9c       0x26 ./Core/Src/main.o
 .text.LL_CRC_SetInputDataReverseMode
                0x0000000008002ac2       0x26 ./Core/Src/main.o
 .text.LL_CRC_SetOutputDataReverseMode
                0x0000000008002ae8       0x26 ./Core/Src/main.o
 .text.LL_CRC_SetInitialData
                0x0000000008002b0e       0x1c ./Core/Src/main.o
 .text.LL_CRC_SetPolynomialCoef
                0x0000000008002b2a       0x1c ./Core/Src/main.o
 *fill*         0x0000000008002b46        0x2 
 .text.LL_AHB1_GRP1_EnableClock
                0x0000000008002b48       0x30 ./Core/Src/main.o
 .text.main     0x0000000008002b78      0x2f8 ./Core/Src/main.o
                0x0000000008002b78                main
 .text.SystemClock_Config
                0x0000000008002e70      0x11c ./Core/Src/main.o
                0x0000000008002e70                SystemClock_Config
 .text.MX_ADC1_Init
                0x0000000008002f8c      0x118 ./Core/Src/main.o
 .text.MX_CRC_Init
                0x00000000080030a4       0x44 ./Core/Src/main.o
 .text.MX_IWDG_Init
                0x00000000080030e8       0x3c ./Core/Src/main.o
 .text.MX_RTC_Init
                0x0000000008003124       0x50 ./Core/Src/main.o
 .text.MX_TIM2_Init
                0x0000000008003174       0x9c ./Core/Src/main.o
 .text.MX_USART1_UART_Init
                0x0000000008003210       0x60 ./Core/Src/main.o
 .text.MX_GPIO_Init
                0x0000000008003270       0xe4 ./Core/Src/main.o
 .text.HAL_UART_RxCpltCallback
                0x0000000008003354      0x158 ./Core/Src/main.o
                0x0000000008003354                HAL_UART_RxCpltCallback
 .text.IWDGFreezeBySTDBY
                0x00000000080034ac       0x48 ./Core/Src/main.o
                0x00000000080034ac                IWDGFreezeBySTDBY
 .text.HAL_TIM_PeriodElapsedCallback
                0x00000000080034f4       0x90 ./Core/Src/main.o
                0x00000000080034f4                HAL_TIM_PeriodElapsedCallback
 .text.HAL_PWR_PVDCallback
                0x0000000008003584       0x88 ./Core/Src/main.o
                0x0000000008003584                HAL_PWR_PVDCallback
 .text.HAL_FLASH_EndOfOperationCallback
                0x000000000800360c       0x1c ./Core/Src/main.o
                0x000000000800360c                HAL_FLASH_EndOfOperationCallback
 .text.EE_EndOfCleanup_UserCallback
                0x0000000008003628       0x18 ./Core/Src/main.o
                0x0000000008003628                EE_EndOfCleanup_UserCallback
 .text.EEPROM_Emu_read
                0x0000000008003640       0x74 ./Core/Src/main.o
                0x0000000008003640                EEPROM_Emu_read
 .text.EEPROM_Emu_write
                0x00000000080036b4      0x100 ./Core/Src/main.o
                0x00000000080036b4                EEPROM_Emu_write
 .text.Error_Handler
                0x00000000080037b4        0xa ./Core/Src/main.o
                0x00000000080037b4                Error_Handler
 *fill*         0x00000000080037be        0x2 
 .text.HAL_MspInit
                0x00000000080037c0       0x94 ./Core/Src/stm32l4xx_hal_msp.o
                0x00000000080037c0                HAL_MspInit
 .text.HAL_ADC_MspInit
                0x0000000008003854       0x40 ./Core/Src/stm32l4xx_hal_msp.o
                0x0000000008003854                HAL_ADC_MspInit
 .text.HAL_RTC_MspInit
                0x0000000008003894       0x38 ./Core/Src/stm32l4xx_hal_msp.o
                0x0000000008003894                HAL_RTC_MspInit
 .text.HAL_TIM_Base_MspInit
                0x00000000080038cc       0x48 ./Core/Src/stm32l4xx_hal_msp.o
                0x00000000080038cc                HAL_TIM_Base_MspInit
 .text.HAL_UART_MspInit
                0x0000000008003914       0x98 ./Core/Src/stm32l4xx_hal_msp.o
                0x0000000008003914                HAL_UART_MspInit
 .text.NMI_Handler
                0x00000000080039ac       0x9c ./Core/Src/stm32l4xx_it.o
                0x00000000080039ac                NMI_Handler
 .text.HardFault_Handler
                0x0000000008003a48        0x6 ./Core/Src/stm32l4xx_it.o
                0x0000000008003a48                HardFault_Handler
 .text.MemManage_Handler
                0x0000000008003a4e        0x6 ./Core/Src/stm32l4xx_it.o
                0x0000000008003a4e                MemManage_Handler
 .text.BusFault_Handler
                0x0000000008003a54        0x6 ./Core/Src/stm32l4xx_it.o
                0x0000000008003a54                BusFault_Handler
 .text.UsageFault_Handler
                0x0000000008003a5a        0x6 ./Core/Src/stm32l4xx_it.o
                0x0000000008003a5a                UsageFault_Handler
 .text.SVC_Handler
                0x0000000008003a60        0xe ./Core/Src/stm32l4xx_it.o
                0x0000000008003a60                SVC_Handler
 .text.DebugMon_Handler
                0x0000000008003a6e        0xe ./Core/Src/stm32l4xx_it.o
                0x0000000008003a6e                DebugMon_Handler
 .text.PendSV_Handler
                0x0000000008003a7c        0xe ./Core/Src/stm32l4xx_it.o
                0x0000000008003a7c                PendSV_Handler
 .text.SysTick_Handler
                0x0000000008003a8a        0xc ./Core/Src/stm32l4xx_it.o
                0x0000000008003a8a                SysTick_Handler
 *fill*         0x0000000008003a96        0x2 
 .text.PVD_PVM_IRQHandler
                0x0000000008003a98       0x20 ./Core/Src/stm32l4xx_it.o
                0x0000000008003a98                PVD_PVM_IRQHandler
 .text.FLASH_IRQHandler
                0x0000000008003ab8        0xc ./Core/Src/stm32l4xx_it.o
                0x0000000008003ab8                FLASH_IRQHandler
 .text.TIM2_IRQHandler
                0x0000000008003ac4       0x14 ./Core/Src/stm32l4xx_it.o
                0x0000000008003ac4                TIM2_IRQHandler
 .text.USART1_IRQHandler
                0x0000000008003ad8       0x14 ./Core/Src/stm32l4xx_it.o
                0x0000000008003ad8                USART1_IRQHandler
 .text._getpid  0x0000000008003aec       0x10 ./Core/Src/syscalls.o
                0x0000000008003aec                _getpid
 .text._kill    0x0000000008003afc       0x20 ./Core/Src/syscalls.o
                0x0000000008003afc                _kill
 .text._exit    0x0000000008003b1c       0x14 ./Core/Src/syscalls.o
                0x0000000008003b1c                _exit
 .text._read    0x0000000008003b30       0x3a ./Core/Src/syscalls.o
                0x0000000008003b30                _read
 .text._write   0x0000000008003b6a       0x38 ./Core/Src/syscalls.o
                0x0000000008003b6a                _write
 .text._close   0x0000000008003ba2       0x18 ./Core/Src/syscalls.o
                0x0000000008003ba2                _close
 .text._fstat   0x0000000008003bba       0x20 ./Core/Src/syscalls.o
                0x0000000008003bba                _fstat
 .text._isatty  0x0000000008003bda       0x16 ./Core/Src/syscalls.o
                0x0000000008003bda                _isatty
 .text._lseek   0x0000000008003bf0       0x1a ./Core/Src/syscalls.o
                0x0000000008003bf0                _lseek
 *fill*         0x0000000008003c0a        0x2 
 .text._sbrk    0x0000000008003c0c       0x6c ./Core/Src/sysmem.o
                0x0000000008003c0c                _sbrk
 .text.SystemInit
                0x0000000008003c78       0x64 ./Core/Src/system_stm32l4xx.o
                0x0000000008003c78                SystemInit
 .text.Reset_Handler
                0x0000000008003cdc       0x50 ./Core/Startup/startup_stm32l4a6rgtx.o
                0x0000000008003cdc                Reset_Handler
 .text.Default_Handler
                0x0000000008003d2c        0x2 ./Core/Startup/startup_stm32l4a6rgtx.o
                0x0000000008003d2c                RTC_Alarm_IRQHandler
                0x0000000008003d2c                HASH_RNG_IRQHandler
                0x0000000008003d2c                EXTI2_IRQHandler
                0x0000000008003d2c                TIM8_TRG_COM_IRQHandler
                0x0000000008003d2c                TIM8_CC_IRQHandler
                0x0000000008003d2c                TIM1_CC_IRQHandler
                0x0000000008003d2c                TSC_IRQHandler
                0x0000000008003d2c                TAMP_STAMP_IRQHandler
                0x0000000008003d2c                CAN2_RX1_IRQHandler
                0x0000000008003d2c                EXTI3_IRQHandler
                0x0000000008003d2c                LPTIM2_IRQHandler
                0x0000000008003d2c                DFSDM1_FLT1_IRQHandler
                0x0000000008003d2c                I2C3_ER_IRQHandler
                0x0000000008003d2c                DFSDM1_FLT2_IRQHandler
                0x0000000008003d2c                EXTI0_IRQHandler
                0x0000000008003d2c                I2C2_EV_IRQHandler
                0x0000000008003d2c                CAN1_RX0_IRQHandler
                0x0000000008003d2c                FPU_IRQHandler
                0x0000000008003d2c                TIM1_UP_TIM16_IRQHandler
                0x0000000008003d2c                CAN2_SCE_IRQHandler
                0x0000000008003d2c                ADC1_2_IRQHandler
                0x0000000008003d2c                SPI1_IRQHandler
                0x0000000008003d2c                TIM6_DAC_IRQHandler
                0x0000000008003d2c                DCMI_IRQHandler
                0x0000000008003d2c                CAN2_RX0_IRQHandler
                0x0000000008003d2c                TIM8_UP_IRQHandler
                0x0000000008003d2c                DMA2_Channel2_IRQHandler
                0x0000000008003d2c                DMA1_Channel4_IRQHandler
                0x0000000008003d2c                SAI2_IRQHandler
                0x0000000008003d2c                DFSDM1_FLT3_IRQHandler
                0x0000000008003d2c                USART3_IRQHandler
                0x0000000008003d2c                DMA1_Channel7_IRQHandler
                0x0000000008003d2c                CAN1_RX1_IRQHandler
                0x0000000008003d2c                LCD_IRQHandler
                0x0000000008003d2c                UART5_IRQHandler
                0x0000000008003d2c                ADC3_IRQHandler
                0x0000000008003d2c                TIM4_IRQHandler
                0x0000000008003d2c                DMA2_Channel1_IRQHandler
                0x0000000008003d2c                QUADSPI_IRQHandler
                0x0000000008003d2c                I2C1_EV_IRQHandler
                0x0000000008003d2c                DMA1_Channel6_IRQHandler
                0x0000000008003d2c                UART4_IRQHandler
                0x0000000008003d2c                DMA2_Channel4_IRQHandler
                0x0000000008003d2c                TIM3_IRQHandler
                0x0000000008003d2c                RCC_IRQHandler
                0x0000000008003d2c                DMA1_Channel1_IRQHandler
                0x0000000008003d2c                Default_Handler
                0x0000000008003d2c                DMA2_Channel7_IRQHandler
                0x0000000008003d2c                EXTI15_10_IRQHandler
                0x0000000008003d2c                TIM7_IRQHandler
                0x0000000008003d2c                SDMMC1_IRQHandler
                0x0000000008003d2c                CAN2_TX_IRQHandler
                0x0000000008003d2c                TIM5_IRQHandler
                0x0000000008003d2c                I2C3_EV_IRQHandler
                0x0000000008003d2c                EXTI9_5_IRQHandler
                0x0000000008003d2c                RTC_WKUP_IRQHandler
                0x0000000008003d2c                SPI2_IRQHandler
                0x0000000008003d2c                CAN1_TX_IRQHandler
                0x0000000008003d2c                DMA2_Channel5_IRQHandler
                0x0000000008003d2c                CRS_IRQHandler
                0x0000000008003d2c                DMA1_Channel5_IRQHandler
                0x0000000008003d2c                EXTI4_IRQHandler
                0x0000000008003d2c                TIM1_TRG_COM_TIM17_IRQHandler
                0x0000000008003d2c                DMA1_Channel3_IRQHandler
                0x0000000008003d2c                COMP_IRQHandler
                0x0000000008003d2c                WWDG_IRQHandler
                0x0000000008003d2c                I2C4_EV_IRQHandler
                0x0000000008003d2c                LPUART1_IRQHandler
                0x0000000008003d2c                DMA2_Channel6_IRQHandler
                0x0000000008003d2c                DMA2D_IRQHandler
                0x0000000008003d2c                EXTI1_IRQHandler
                0x0000000008003d2c                AES_IRQHandler
                0x0000000008003d2c                USART2_IRQHandler
                0x0000000008003d2c                DFSDM1_FLT0_IRQHandler
                0x0000000008003d2c                I2C2_ER_IRQHandler
                0x0000000008003d2c                DMA1_Channel2_IRQHandler
                0x0000000008003d2c                TIM8_BRK_IRQHandler
                0x0000000008003d2c                CAN1_SCE_IRQHandler
                0x0000000008003d2c                OTG_FS_IRQHandler
                0x0000000008003d2c                SPI3_IRQHandler
                0x0000000008003d2c                I2C1_ER_IRQHandler
                0x0000000008003d2c                FMC_IRQHandler
                0x0000000008003d2c                SWPMI1_IRQHandler
                0x0000000008003d2c                LPTIM1_IRQHandler
                0x0000000008003d2c                I2C4_ER_IRQHandler
                0x0000000008003d2c                SAI1_IRQHandler
                0x0000000008003d2c                DMA2_Channel3_IRQHandler
                0x0000000008003d2c                TIM1_BRK_TIM15_IRQHandler
 .text.HAL_Init
                0x0000000008003d2e       0x30 ./Drivers/STM32L4xx_HAL_Driver/Src/stm32l4xx_hal.o
                0x0000000008003d2e                HAL_Init
 *fill*         0x0000000008003d5e        0x2 
 .text.HAL_InitTick
                0x0000000008003d60       0x78 ./Drivers/STM32L4xx_HAL_Driver/Src/stm32l4xx_hal.o
                0x0000000008003d60                HAL_InitTick
 .text.HAL_IncTick
                0x0000000008003dd8       0x28 ./Drivers/STM32L4xx_HAL_Driver/Src/stm32l4xx_hal.o
                0x0000000008003dd8                HAL_IncTick
 .text.HAL_GetTick
                0x0000000008003e00       0x18 ./Drivers/STM32L4xx_HAL_Driver/Src/stm32l4xx_hal.o
                0x0000000008003e00                HAL_GetTick
 .text.HAL_Delay
                0x0000000008003e18       0x48 ./Drivers/STM32L4xx_HAL_Driver/Src/stm32l4xx_hal.o
                0x0000000008003e18                HAL_Delay
 .text.LL_ADC_SetCommonClock
                0x0000000008003e60       0x26 ./Drivers/STM32L4xx_HAL_Driver/Src/stm32l4xx_hal_adc.o
 .text.LL_ADC_SetCommonPathInternalCh
                0x0000000008003e86       0x26 ./Drivers/STM32L4xx_HAL_Driver/Src/stm32l4xx_hal_adc.o
 .text.LL_ADC_GetCommonPathInternalCh
                0x0000000008003eac       0x1c ./Drivers/STM32L4xx_HAL_Driver/Src/stm32l4xx_hal_adc.o
 .text.LL_ADC_SetOffset
                0x0000000008003ec8       0x48 ./Drivers/STM32L4xx_HAL_Driver/Src/stm32l4xx_hal_adc.o
 .text.LL_ADC_GetOffsetChannel
                0x0000000008003f10       0x2c ./Drivers/STM32L4xx_HAL_Driver/Src/stm32l4xx_hal_adc.o
 .text.LL_ADC_SetOffsetState
                0x0000000008003f3c       0x36 ./Drivers/STM32L4xx_HAL_Driver/Src/stm32l4xx_hal_adc.o
 .text.LL_ADC_SetSamplingTimeCommonConfig
                0x0000000008003f72       0x26 ./Drivers/STM32L4xx_HAL_Driver/Src/stm32l4xx_hal_adc.o
 .text.LL_ADC_REG_IsTriggerSourceSWStart
                0x0000000008003f98       0x26 ./Drivers/STM32L4xx_HAL_Driver/Src/stm32l4xx_hal_adc.o
 .text.LL_ADC_REG_SetSequencerRanks
                0x0000000008003fbe       0x58 ./Drivers/STM32L4xx_HAL_Driver/Src/stm32l4xx_hal_adc.o
 .text.LL_ADC_SetChannelSamplingTime
                0x0000000008004016       0x56 ./Drivers/STM32L4xx_HAL_Driver/Src/stm32l4xx_hal_adc.o
 .text.LL_ADC_SetChannelSingleDiff
                0x000000000800406c       0x48 ./Drivers/STM32L4xx_HAL_Driver/Src/stm32l4xx_hal_adc.o
 .text.LL_ADC_GetMultimode
                0x00000000080040b4       0x1c ./Drivers/STM32L4xx_HAL_Driver/Src/stm32l4xx_hal_adc.o
 .text.LL_ADC_GetMultiDMATransfer
                0x00000000080040d0       0x1c ./Drivers/STM32L4xx_HAL_Driver/Src/stm32l4xx_hal_adc.o
 .text.LL_ADC_DisableDeepPowerDown
                0x00000000080040ec       0x24 ./Drivers/STM32L4xx_HAL_Driver/Src/stm32l4xx_hal_adc.o
 .text.LL_ADC_IsDeepPowerDownEnabled
                0x0000000008004110       0x28 ./Drivers/STM32L4xx_HAL_Driver/Src/stm32l4xx_hal_adc.o
 .text.LL_ADC_EnableInternalRegulator
                0x0000000008004138       0x28 ./Drivers/STM32L4xx_HAL_Driver/Src/stm32l4xx_hal_adc.o
 .text.LL_ADC_IsInternalRegulatorEnabled
                0x0000000008004160       0x28 ./Drivers/STM32L4xx_HAL_Driver/Src/stm32l4xx_hal_adc.o
 .text.LL_ADC_Enable
                0x0000000008004188       0x28 ./Drivers/STM32L4xx_HAL_Driver/Src/stm32l4xx_hal_adc.o
 .text.LL_ADC_Disable
                0x00000000080041b0       0x28 ./Drivers/STM32L4xx_HAL_Driver/Src/stm32l4xx_hal_adc.o
 .text.LL_ADC_IsEnabled
                0x00000000080041d8       0x26 ./Drivers/STM32L4xx_HAL_Driver/Src/stm32l4xx_hal_adc.o
 .text.LL_ADC_IsDisableOngoing
                0x00000000080041fe       0x26 ./Drivers/STM32L4xx_HAL_Driver/Src/stm32l4xx_hal_adc.o
 .text.LL_ADC_REG_StartConversion
                0x0000000008004224       0x28 ./Drivers/STM32L4xx_HAL_Driver/Src/stm32l4xx_hal_adc.o
 .text.LL_ADC_REG_StopConversion
                0x000000000800424c       0x28 ./Drivers/STM32L4xx_HAL_Driver/Src/stm32l4xx_hal_adc.o
 .text.LL_ADC_REG_IsConversionOngoing
                0x0000000008004274       0x26 ./Drivers/STM32L4xx_HAL_Driver/Src/stm32l4xx_hal_adc.o
 .text.LL_ADC_INJ_StopConversion
                0x000000000800429a       0x28 ./Drivers/STM32L4xx_HAL_Driver/Src/stm32l4xx_hal_adc.o
 .text.LL_ADC_INJ_IsConversionOngoing
                0x00000000080042c2       0x26 ./Drivers/STM32L4xx_HAL_Driver/Src/stm32l4xx_hal_adc.o
 .text.HAL_ADC_Init
                0x00000000080042e8      0x2b4 ./Drivers/STM32L4xx_HAL_Driver/Src/stm32l4xx_hal_adc.o
                0x00000000080042e8                HAL_ADC_Init
 .text.HAL_ADC_Start
                0x000000000800459c      0x174 ./Drivers/STM32L4xx_HAL_Driver/Src/stm32l4xx_hal_adc.o
                0x000000000800459c                HAL_ADC_Start
 .text.HAL_ADC_Stop
                0x0000000008004710       0x66 ./Drivers/STM32L4xx_HAL_Driver/Src/stm32l4xx_hal_adc.o
                0x0000000008004710                HAL_ADC_Stop
 *fill*         0x0000000008004776        0x2 
 .text.HAL_ADC_PollForConversion
                0x0000000008004778      0x1b0 ./Drivers/STM32L4xx_HAL_Driver/Src/stm32l4xx_hal_adc.o
                0x0000000008004778                HAL_ADC_PollForConversion
 .text.HAL_ADC_GetValue
                0x0000000008004928       0x1a ./Drivers/STM32L4xx_HAL_Driver/Src/stm32l4xx_hal_adc.o
                0x0000000008004928                HAL_ADC_GetValue
 *fill*         0x0000000008004942        0x2 
 .text.HAL_ADC_ConfigChannel
                0x0000000008004944      0x818 ./Drivers/STM32L4xx_HAL_Driver/Src/stm32l4xx_hal_adc.o
                0x0000000008004944                HAL_ADC_ConfigChannel
 .text.HAL_ADC_GetState
                0x000000000800515c       0x18 ./Drivers/STM32L4xx_HAL_Driver/Src/stm32l4xx_hal_adc.o
                0x000000000800515c                HAL_ADC_GetState
 .text.ADC_ConversionStop
                0x0000000008005174      0x178 ./Drivers/STM32L4xx_HAL_Driver/Src/stm32l4xx_hal_adc.o
                0x0000000008005174                ADC_ConversionStop
 .text.ADC_Enable
                0x00000000080052ec       0xc4 ./Drivers/STM32L4xx_HAL_Driver/Src/stm32l4xx_hal_adc.o
                0x00000000080052ec                ADC_Enable
 .text.ADC_Disable
                0x00000000080053b0       0xbe ./Drivers/STM32L4xx_HAL_Driver/Src/stm32l4xx_hal_adc.o
                0x00000000080053b0                ADC_Disable
 .text.LL_ADC_IsEnabled
                0x000000000800546e       0x26 ./Drivers/STM32L4xx_HAL_Driver/Src/stm32l4xx_hal_adc_ex.o
 .text.LL_ADC_REG_IsConversionOngoing
                0x0000000008005494       0x26 ./Drivers/STM32L4xx_HAL_Driver/Src/stm32l4xx_hal_adc_ex.o
 *fill*         0x00000000080054ba        0x2 
 .text.HAL_ADCEx_MultiModeConfigChannel
                0x00000000080054bc      0x160 ./Drivers/STM32L4xx_HAL_Driver/Src/stm32l4xx_hal_adc_ex.o
                0x00000000080054bc                HAL_ADCEx_MultiModeConfigChannel
 .text.__NVIC_SetPriorityGrouping
                0x000000000800561c       0x48 ./Drivers/STM32L4xx_HAL_Driver/Src/stm32l4xx_hal_cortex.o
 .text.__NVIC_GetPriorityGrouping
                0x0000000008005664       0x1c ./Drivers/STM32L4xx_HAL_Driver/Src/stm32l4xx_hal_cortex.o
 .text.__NVIC_EnableIRQ
                0x0000000008005680       0x3c ./Drivers/STM32L4xx_HAL_Driver/Src/stm32l4xx_hal_cortex.o
 .text.__NVIC_SetPriority
                0x00000000080056bc       0x54 ./Drivers/STM32L4xx_HAL_Driver/Src/stm32l4xx_hal_cortex.o
 .text.NVIC_EncodePriority
                0x0000000008005710       0x66 ./Drivers/STM32L4xx_HAL_Driver/Src/stm32l4xx_hal_cortex.o
 *fill*         0x0000000008005776        0x2 
 .text.SysTick_Config
                0x0000000008005778       0x44 ./Drivers/STM32L4xx_HAL_Driver/Src/stm32l4xx_hal_cortex.o
 .text.HAL_NVIC_SetPriorityGrouping
                0x00000000080057bc       0x16 ./Drivers/STM32L4xx_HAL_Driver/Src/stm32l4xx_hal_cortex.o
                0x00000000080057bc                HAL_NVIC_SetPriorityGrouping
 .text.HAL_NVIC_SetPriority
                0x00000000080057d2       0x38 ./Drivers/STM32L4xx_HAL_Driver/Src/stm32l4xx_hal_cortex.o
                0x00000000080057d2                HAL_NVIC_SetPriority
 .text.HAL_NVIC_EnableIRQ
                0x000000000800580a       0x1c ./Drivers/STM32L4xx_HAL_Driver/Src/stm32l4xx_hal_cortex.o
                0x000000000800580a                HAL_NVIC_EnableIRQ
 .text.HAL_SYSTICK_Config
                0x0000000008005826       0x18 ./Drivers/STM32L4xx_HAL_Driver/Src/stm32l4xx_hal_cortex.o
                0x0000000008005826                HAL_SYSTICK_Config
 .text.HAL_DMA_Abort
                0x000000000800583e       0x7c ./Drivers/STM32L4xx_HAL_Driver/Src/stm32l4xx_hal_dma.o
                0x000000000800583e                HAL_DMA_Abort
 .text.HAL_DMA_Abort_IT
                0x00000000080058ba       0x82 ./Drivers/STM32L4xx_HAL_Driver/Src/stm32l4xx_hal_dma.o
                0x00000000080058ba                HAL_DMA_Abort_IT
 .text.HAL_FLASH_Program
                0x000000000800593c       0xd8 ./Drivers/STM32L4xx_HAL_Driver/Src/stm32l4xx_hal_flash.o
                0x000000000800593c                HAL_FLASH_Program
 .text.HAL_FLASH_IRQHandler
                0x0000000008005a14      0x1b0 ./Drivers/STM32L4xx_HAL_Driver/Src/stm32l4xx_hal_flash.o
                0x0000000008005a14                HAL_FLASH_IRQHandler
 .text.HAL_FLASH_OperationErrorCallback
                0x0000000008005bc4       0x14 ./Drivers/STM32L4xx_HAL_Driver/Src/stm32l4xx_hal_flash.o
                0x0000000008005bc4                HAL_FLASH_OperationErrorCallback
 .text.HAL_FLASH_Unlock
                0x0000000008005bd8       0x44 ./Drivers/STM32L4xx_HAL_Driver/Src/stm32l4xx_hal_flash.o
                0x0000000008005bd8                HAL_FLASH_Unlock
 .text.HAL_FLASH_Lock
                0x0000000008005c1c       0x20 ./Drivers/STM32L4xx_HAL_Driver/Src/stm32l4xx_hal_flash.o
                0x0000000008005c1c                HAL_FLASH_Lock
 .text.HAL_FLASH_OB_Unlock
                0x0000000008005c3c       0x38 ./Drivers/STM32L4xx_HAL_Driver/Src/stm32l4xx_hal_flash.o
                0x0000000008005c3c                HAL_FLASH_OB_Unlock
 .text.HAL_FLASH_OB_Lock
                0x0000000008005c74       0x20 ./Drivers/STM32L4xx_HAL_Driver/Src/stm32l4xx_hal_flash.o
                0x0000000008005c74                HAL_FLASH_OB_Lock
 .text.FLASH_WaitForLastOperation
                0x0000000008005c94       0xac ./Drivers/STM32L4xx_HAL_Driver/Src/stm32l4xx_hal_flash.o
                0x0000000008005c94                FLASH_WaitForLastOperation
 .text.FLASH_Program_DoubleWord
                0x0000000008005d40       0x4c ./Drivers/STM32L4xx_HAL_Driver/Src/stm32l4xx_hal_flash.o
 .text.FLASH_Program_Fast
                0x0000000008005d8c       0x6c ./Drivers/STM32L4xx_HAL_Driver/Src/stm32l4xx_hal_flash.o
 .text.HAL_FLASHEx_Erase
                0x0000000008005df8      0x144 ./Drivers/STM32L4xx_HAL_Driver/Src/stm32l4xx_hal_flash_ex.o
                0x0000000008005df8                HAL_FLASHEx_Erase
 .text.HAL_FLASHEx_Erase_IT
                0x0000000008005f3c       0xf0 ./Drivers/STM32L4xx_HAL_Driver/Src/stm32l4xx_hal_flash_ex.o
                0x0000000008005f3c                HAL_FLASHEx_Erase_IT
 .text.HAL_FLASHEx_OBProgram
                0x000000000800602c       0xdc ./Drivers/STM32L4xx_HAL_Driver/Src/stm32l4xx_hal_flash_ex.o
                0x000000000800602c                HAL_FLASHEx_OBProgram
 .text.HAL_FLASHEx_OBGetConfig
                0x0000000008006108       0x9c ./Drivers/STM32L4xx_HAL_Driver/Src/stm32l4xx_hal_flash_ex.o
                0x0000000008006108                HAL_FLASHEx_OBGetConfig
 .text.FLASH_MassErase
                0x00000000080061a4       0x50 ./Drivers/STM32L4xx_HAL_Driver/Src/stm32l4xx_hal_flash_ex.o
 .text.FLASH_PageErase
                0x00000000080061f4       0x6c ./Drivers/STM32L4xx_HAL_Driver/Src/stm32l4xx_hal_flash_ex.o
                0x00000000080061f4                FLASH_PageErase
 .text.FLASH_FlushCaches
                0x0000000008006260       0x88 ./Drivers/STM32L4xx_HAL_Driver/Src/stm32l4xx_hal_flash_ex.o
                0x0000000008006260                FLASH_FlushCaches
 .text.FLASH_OB_WRPConfig
                0x00000000080062e8       0xc8 ./Drivers/STM32L4xx_HAL_Driver/Src/stm32l4xx_hal_flash_ex.o
 .text.FLASH_OB_RDPConfig
                0x00000000080063b0       0x5c ./Drivers/STM32L4xx_HAL_Driver/Src/stm32l4xx_hal_flash_ex.o
 .text.FLASH_OB_UserConfig
                0x000000000800640c      0x22c ./Drivers/STM32L4xx_HAL_Driver/Src/stm32l4xx_hal_flash_ex.o
 .text.FLASH_OB_PCROPConfig
                0x0000000008006638      0x158 ./Drivers/STM32L4xx_HAL_Driver/Src/stm32l4xx_hal_flash_ex.o
 .text.FLASH_OB_GetWRP
                0x0000000008006790       0x94 ./Drivers/STM32L4xx_HAL_Driver/Src/stm32l4xx_hal_flash_ex.o
 .text.FLASH_OB_GetRDP
                0x0000000008006824       0x34 ./Drivers/STM32L4xx_HAL_Driver/Src/stm32l4xx_hal_flash_ex.o
 .text.FLASH_OB_GetUser
                0x0000000008006858       0x28 ./Drivers/STM32L4xx_HAL_Driver/Src/stm32l4xx_hal_flash_ex.o
 .text.FLASH_OB_GetPCROP
                0x0000000008006880      0x110 ./Drivers/STM32L4xx_HAL_Driver/Src/stm32l4xx_hal_flash_ex.o
 .text.HAL_GPIO_Init
                0x0000000008006990      0x324 ./Drivers/STM32L4xx_HAL_Driver/Src/stm32l4xx_hal_gpio.o
                0x0000000008006990                HAL_GPIO_Init
 .text.HAL_GPIO_ReadPin
                0x0000000008006cb4       0x30 ./Drivers/STM32L4xx_HAL_Driver/Src/stm32l4xx_hal_gpio.o
                0x0000000008006cb4                HAL_GPIO_ReadPin
 .text.HAL_GPIO_WritePin
                0x0000000008006ce4       0x30 ./Drivers/STM32L4xx_HAL_Driver/Src/stm32l4xx_hal_gpio.o
                0x0000000008006ce4                HAL_GPIO_WritePin
 .text.HAL_IWDG_Init
                0x0000000008006d14       0x8c ./Drivers/STM32L4xx_HAL_Driver/Src/stm32l4xx_hal_iwdg.o
                0x0000000008006d14                HAL_IWDG_Init
 .text.HAL_IWDG_Refresh
                0x0000000008006da0       0x20 ./Drivers/STM32L4xx_HAL_Driver/Src/stm32l4xx_hal_iwdg.o
                0x0000000008006da0                HAL_IWDG_Refresh
 .text.HAL_PWR_ConfigPVD
                0x0000000008006dc0       0xc0 ./Drivers/STM32L4xx_HAL_Driver/Src/stm32l4xx_hal_pwr.o
                0x0000000008006dc0                HAL_PWR_ConfigPVD
 .text.HAL_PWR_EnablePVD
                0x0000000008006e80       0x20 ./Drivers/STM32L4xx_HAL_Driver/Src/stm32l4xx_hal_pwr.o
                0x0000000008006e80                HAL_PWR_EnablePVD
 .text.HAL_PWR_DisablePVD
                0x0000000008006ea0       0x20 ./Drivers/STM32L4xx_HAL_Driver/Src/stm32l4xx_hal_pwr.o
                0x0000000008006ea0                HAL_PWR_DisablePVD
 .text.HAL_PWR_EnableWakeUpPin
                0x0000000008006ec0       0x40 ./Drivers/STM32L4xx_HAL_Driver/Src/stm32l4xx_hal_pwr.o
                0x0000000008006ec0                HAL_PWR_EnableWakeUpPin
 .text.HAL_PWR_DisableWakeUpPin
                0x0000000008006f00       0x2c ./Drivers/STM32L4xx_HAL_Driver/Src/stm32l4xx_hal_pwr.o
                0x0000000008006f00                HAL_PWR_DisableWakeUpPin
 .text.HAL_PWR_EnterSTANDBYMode
                0x0000000008006f2c       0x34 ./Drivers/STM32L4xx_HAL_Driver/Src/stm32l4xx_hal_pwr.o
                0x0000000008006f2c                HAL_PWR_EnterSTANDBYMode
 .text.HAL_PWREx_GetVoltageRange
                0x0000000008006f60       0x1c ./Drivers/STM32L4xx_HAL_Driver/Src/stm32l4xx_hal_pwr_ex.o
                0x0000000008006f60                HAL_PWREx_GetVoltageRange
 .text.HAL_PWREx_ControlVoltageScaling
                0x0000000008006f7c       0xac ./Drivers/STM32L4xx_HAL_Driver/Src/stm32l4xx_hal_pwr_ex.o
                0x0000000008006f7c                HAL_PWREx_ControlVoltageScaling
 .text.HAL_PWREx_EnableInternalWakeUpLine
                0x0000000008007028       0x20 ./Drivers/STM32L4xx_HAL_Driver/Src/stm32l4xx_hal_pwr_ex.o
                0x0000000008007028                HAL_PWREx_EnableInternalWakeUpLine
 .text.HAL_PWREx_EnableGPIOPullUp
                0x0000000008007048      0x170 ./Drivers/STM32L4xx_HAL_Driver/Src/stm32l4xx_hal_pwr_ex.o
                0x0000000008007048                HAL_PWREx_EnableGPIOPullUp
 .text.HAL_PWREx_EnablePullUpPullDownConfig
                0x00000000080071b8       0x20 ./Drivers/STM32L4xx_HAL_Driver/Src/stm32l4xx_hal_pwr_ex.o
                0x00000000080071b8                HAL_PWREx_EnablePullUpPullDownConfig
 .text.HAL_PWREx_DisablePullUpPullDownConfig
                0x00000000080071d8       0x20 ./Drivers/STM32L4xx_HAL_Driver/Src/stm32l4xx_hal_pwr_ex.o
                0x00000000080071d8                HAL_PWREx_DisablePullUpPullDownConfig
 .text.HAL_PWREx_PVD_PVM_IRQHandler
                0x00000000080071f8       0x7c ./Drivers/STM32L4xx_HAL_Driver/Src/stm32l4xx_hal_pwr_ex.o
                0x00000000080071f8                HAL_PWREx_PVD_PVM_IRQHandler
 .text.HAL_PWREx_PVM1Callback
                0x0000000008007274        0xe ./Drivers/STM32L4xx_HAL_Driver/Src/stm32l4xx_hal_pwr_ex.o
                0x0000000008007274                HAL_PWREx_PVM1Callback
 .text.HAL_PWREx_PVM2Callback
                0x0000000008007282        0xe ./Drivers/STM32L4xx_HAL_Driver/Src/stm32l4xx_hal_pwr_ex.o
                0x0000000008007282                HAL_PWREx_PVM2Callback
 .text.HAL_PWREx_PVM3Callback
                0x0000000008007290        0xe ./Drivers/STM32L4xx_HAL_Driver/Src/stm32l4xx_hal_pwr_ex.o
                0x0000000008007290                HAL_PWREx_PVM3Callback
 .text.HAL_PWREx_PVM4Callback
                0x000000000800729e        0xe ./Drivers/STM32L4xx_HAL_Driver/Src/stm32l4xx_hal_pwr_ex.o
                0x000000000800729e                HAL_PWREx_PVM4Callback
 .text.HAL_RCC_OscConfig
                0x00000000080072ac      0x84c ./Drivers/STM32L4xx_HAL_Driver/Src/stm32l4xx_hal_rcc.o
                0x00000000080072ac                HAL_RCC_OscConfig
 .text.HAL_RCC_ClockConfig
                0x0000000008007af8      0x1c4 ./Drivers/STM32L4xx_HAL_Driver/Src/stm32l4xx_hal_rcc.o
                0x0000000008007af8                HAL_RCC_ClockConfig
 .text.HAL_RCC_GetSysClockFreq
                0x0000000008007cbc      0x118 ./Drivers/STM32L4xx_HAL_Driver/Src/stm32l4xx_hal_rcc.o
                0x0000000008007cbc                HAL_RCC_GetSysClockFreq
 .text.HAL_RCC_GetHCLKFreq
                0x0000000008007dd4       0x18 ./Drivers/STM32L4xx_HAL_Driver/Src/stm32l4xx_hal_rcc.o
                0x0000000008007dd4                HAL_RCC_GetHCLKFreq
 .text.HAL_RCC_GetPCLK1Freq
                0x0000000008007dec       0x2c ./Drivers/STM32L4xx_HAL_Driver/Src/stm32l4xx_hal_rcc.o
                0x0000000008007dec                HAL_RCC_GetPCLK1Freq
 .text.HAL_RCC_GetPCLK2Freq
                0x0000000008007e18       0x2c ./Drivers/STM32L4xx_HAL_Driver/Src/stm32l4xx_hal_rcc.o
                0x0000000008007e18                HAL_RCC_GetPCLK2Freq
 .text.RCC_SetFlashLatencyFromMSIRange
                0x0000000008007e44       0xc0 ./Drivers/STM32L4xx_HAL_Driver/Src/stm32l4xx_hal_rcc.o
 .text.HAL_RCCEx_PeriphCLKConfig
                0x0000000008007f04      0x5f8 ./Drivers/STM32L4xx_HAL_Driver/Src/stm32l4xx_hal_rcc_ex.o
                0x0000000008007f04                HAL_RCCEx_PeriphCLKConfig
 .text.RCCEx_PLLSAI1_Config
                0x00000000080084fc      0x1e4 ./Drivers/STM32L4xx_HAL_Driver/Src/stm32l4xx_hal_rcc_ex.o
 .text.RCCEx_PLLSAI2_Config
                0x00000000080086e0      0x1b8 ./Drivers/STM32L4xx_HAL_Driver/Src/stm32l4xx_hal_rcc_ex.o
 .text.HAL_RTC_Init
                0x0000000008008898       0xf6 ./Drivers/STM32L4xx_HAL_Driver/Src/stm32l4xx_hal_rtc.o
                0x0000000008008898                HAL_RTC_Init
 .text.HAL_RTC_WaitForSynchro
                0x000000000800898e       0x4c ./Drivers/STM32L4xx_HAL_Driver/Src/stm32l4xx_hal_rtc.o
                0x000000000800898e                HAL_RTC_WaitForSynchro
 .text.RTC_EnterInitMode
                0x00000000080089da       0x66 ./Drivers/STM32L4xx_HAL_Driver/Src/stm32l4xx_hal_rtc.o
                0x00000000080089da                RTC_EnterInitMode
 .text.RTC_ExitInitMode
                0x0000000008008a40       0x7c ./Drivers/STM32L4xx_HAL_Driver/Src/stm32l4xx_hal_rtc.o
                0x0000000008008a40                RTC_ExitInitMode
 .text.HAL_RTCEx_SetWakeUpTimer_IT
                0x0000000008008abc      0x128 ./Drivers/STM32L4xx_HAL_Driver/Src/stm32l4xx_hal_rtc_ex.o
                0x0000000008008abc                HAL_RTCEx_SetWakeUpTimer_IT
 .text.HAL_RTCEx_DeactivateWakeUpTimer
                0x0000000008008be4       0xba ./Drivers/STM32L4xx_HAL_Driver/Src/stm32l4xx_hal_rtc_ex.o
                0x0000000008008be4                HAL_RTCEx_DeactivateWakeUpTimer
 .text.HAL_TIM_Base_Init
                0x0000000008008c9e       0xae ./Drivers/STM32L4xx_HAL_Driver/Src/stm32l4xx_hal_tim.o
                0x0000000008008c9e                HAL_TIM_Base_Init
 .text.HAL_TIM_Base_Start_IT
                0x0000000008008d4c       0xe0 ./Drivers/STM32L4xx_HAL_Driver/Src/stm32l4xx_hal_tim.o
                0x0000000008008d4c                HAL_TIM_Base_Start_IT
 .text.HAL_TIM_IRQHandler
                0x0000000008008e2c      0x23e ./Drivers/STM32L4xx_HAL_Driver/Src/stm32l4xx_hal_tim.o
                0x0000000008008e2c                HAL_TIM_IRQHandler
 .text.HAL_TIM_ConfigClockSource
                0x000000000800906a      0x18c ./Drivers/STM32L4xx_HAL_Driver/Src/stm32l4xx_hal_tim.o
                0x000000000800906a                HAL_TIM_ConfigClockSource
 .text.HAL_TIM_OC_DelayElapsedCallback
                0x00000000080091f6       0x14 ./Drivers/STM32L4xx_HAL_Driver/Src/stm32l4xx_hal_tim.o
                0x00000000080091f6                HAL_TIM_OC_DelayElapsedCallback
 .text.HAL_TIM_IC_CaptureCallback
                0x000000000800920a       0x14 ./Drivers/STM32L4xx_HAL_Driver/Src/stm32l4xx_hal_tim.o
                0x000000000800920a                HAL_TIM_IC_CaptureCallback
 .text.HAL_TIM_PWM_PulseFinishedCallback
                0x000000000800921e       0x14 ./Drivers/STM32L4xx_HAL_Driver/Src/stm32l4xx_hal_tim.o
                0x000000000800921e                HAL_TIM_PWM_PulseFinishedCallback
 .text.HAL_TIM_TriggerCallback
                0x0000000008009232       0x14 ./Drivers/STM32L4xx_HAL_Driver/Src/stm32l4xx_hal_tim.o
                0x0000000008009232                HAL_TIM_TriggerCallback
 *fill*         0x0000000008009246        0x2 
 .text.TIM_Base_SetConfig
                0x0000000008009248      0x134 ./Drivers/STM32L4xx_HAL_Driver/Src/stm32l4xx_hal_tim.o
                0x0000000008009248                TIM_Base_SetConfig
 .text.TIM_TI1_ConfigInputStage
                0x000000000800937c       0x5e ./Drivers/STM32L4xx_HAL_Driver/Src/stm32l4xx_hal_tim.o
 .text.TIM_TI2_ConfigInputStage
                0x00000000080093da       0x60 ./Drivers/STM32L4xx_HAL_Driver/Src/stm32l4xx_hal_tim.o
 .text.TIM_ITRx_SetConfig
                0x000000000800943a       0x36 ./Drivers/STM32L4xx_HAL_Driver/Src/stm32l4xx_hal_tim.o
 .text.TIM_ETR_SetConfig
                0x0000000008009470       0x40 ./Drivers/STM32L4xx_HAL_Driver/Src/stm32l4xx_hal_tim.o
                0x0000000008009470                TIM_ETR_SetConfig
 .text.HAL_TIMEx_MasterConfigSynchronization
                0x00000000080094b0      0x110 ./Drivers/STM32L4xx_HAL_Driver/Src/stm32l4xx_hal_tim_ex.o
                0x00000000080094b0                HAL_TIMEx_MasterConfigSynchronization
 .text.HAL_TIMEx_CommutCallback
                0x00000000080095c0       0x14 ./Drivers/STM32L4xx_HAL_Driver/Src/stm32l4xx_hal_tim_ex.o
                0x00000000080095c0                HAL_TIMEx_CommutCallback
 .text.HAL_TIMEx_BreakCallback
                0x00000000080095d4       0x14 ./Drivers/STM32L4xx_HAL_Driver/Src/stm32l4xx_hal_tim_ex.o
                0x00000000080095d4                HAL_TIMEx_BreakCallback
 .text.HAL_TIMEx_Break2Callback
                0x00000000080095e8       0x14 ./Drivers/STM32L4xx_HAL_Driver/Src/stm32l4xx_hal_tim_ex.o
                0x00000000080095e8                HAL_TIMEx_Break2Callback
 .text.HAL_UART_Init
                0x00000000080095fc       0x9c ./Drivers/STM32L4xx_HAL_Driver/Src/stm32l4xx_hal_uart.o
                0x00000000080095fc                HAL_UART_Init
 .text.HAL_UART_Transmit
                0x0000000008009698      0x128 ./Drivers/STM32L4xx_HAL_Driver/Src/stm32l4xx_hal_uart.o
                0x0000000008009698                HAL_UART_Transmit
 .text.HAL_UART_Receive_IT
                0x00000000080097c0       0x88 ./Drivers/STM32L4xx_HAL_Driver/Src/stm32l4xx_hal_uart.o
                0x00000000080097c0                HAL_UART_Receive_IT
 .text.HAL_UART_IRQHandler
                0x0000000008009848      0x404 ./Drivers/STM32L4xx_HAL_Driver/Src/stm32l4xx_hal_uart.o
                0x0000000008009848                HAL_UART_IRQHandler
 .text.HAL_UART_TxCpltCallback
                0x0000000008009c4c       0x14 ./Drivers/STM32L4xx_HAL_Driver/Src/stm32l4xx_hal_uart.o
                0x0000000008009c4c                HAL_UART_TxCpltCallback
 .text.HAL_UART_ErrorCallback
                0x0000000008009c60       0x14 ./Drivers/STM32L4xx_HAL_Driver/Src/stm32l4xx_hal_uart.o
                0x0000000008009c60                HAL_UART_ErrorCallback
 .text.HAL_UARTEx_RxEventCallback
                0x0000000008009c74       0x18 ./Drivers/STM32L4xx_HAL_Driver/Src/stm32l4xx_hal_uart.o
                0x0000000008009c74                HAL_UARTEx_RxEventCallback
 .text.UART_SetConfig
                0x0000000008009c8c      0x574 ./Drivers/STM32L4xx_HAL_Driver/Src/stm32l4xx_hal_uart.o
                0x0000000008009c8c                UART_SetConfig
 .text.UART_AdvFeatureConfig
                0x000000000800a200      0x144 ./Drivers/STM32L4xx_HAL_Driver/Src/stm32l4xx_hal_uart.o
                0x000000000800a200                UART_AdvFeatureConfig
 .text.UART_CheckIdleState
                0x000000000800a344       0x92 ./Drivers/STM32L4xx_HAL_Driver/Src/stm32l4xx_hal_uart.o
                0x000000000800a344                UART_CheckIdleState
 .text.UART_WaitOnFlagUntilTimeout
                0x000000000800a3d6       0xf8 ./Drivers/STM32L4xx_HAL_Driver/Src/stm32l4xx_hal_uart.o
                0x000000000800a3d6                UART_WaitOnFlagUntilTimeout
 *fill*         0x000000000800a4ce        0x2 
 .text.UART_Start_Receive_IT
                0x000000000800a4d0      0x110 ./Drivers/STM32L4xx_HAL_Driver/Src/stm32l4xx_hal_uart.o
                0x000000000800a4d0                UART_Start_Receive_IT
 .text.UART_EndRxTransfer
                0x000000000800a5e0       0x5e ./Drivers/STM32L4xx_HAL_Driver/Src/stm32l4xx_hal_uart.o
 .text.UART_DMAAbortOnError
                0x000000000800a63e       0x2c ./Drivers/STM32L4xx_HAL_Driver/Src/stm32l4xx_hal_uart.o
 .text.UART_EndTransmit_IT
                0x000000000800a66a       0x32 ./Drivers/STM32L4xx_HAL_Driver/Src/stm32l4xx_hal_uart.o
 .text.UART_RxISR_8BIT
                0x000000000800a69c       0xd8 ./Drivers/STM32L4xx_HAL_Driver/Src/stm32l4xx_hal_uart.o
 .text.UART_RxISR_16BIT
                0x000000000800a774       0xd8 ./Drivers/STM32L4xx_HAL_Driver/Src/stm32l4xx_hal_uart.o
 .text.HAL_UARTEx_WakeupCallback
                0x000000000800a84c       0x14 ./Drivers/STM32L4xx_HAL_Driver/Src/stm32l4xx_hal_uart_ex.o
                0x000000000800a84c                HAL_UARTEx_WakeupCallback
 .text.LL_CRC_ResetCRCCalculationUnit
                0x000000000800a860       0x20 ./Middlewares/ST/EEPROM_Emul/Core/eeprom_emul.o
 .text.LL_CRC_SetPolynomialSize
                0x000000000800a880       0x26 ./Middlewares/ST/EEPROM_Emul/Core/eeprom_emul.o
 .text.LL_CRC_SetPolynomialCoef
                0x000000000800a8a6       0x1c ./Middlewares/ST/EEPROM_Emul/Core/eeprom_emul.o
 .text.LL_CRC_FeedData32
                0x000000000800a8c2       0x1c ./Middlewares/ST/EEPROM_Emul/Core/eeprom_emul.o
 .text.LL_CRC_FeedData16
                0x000000000800a8de       0x22 ./Middlewares/ST/EEPROM_Emul/Core/eeprom_emul.o
 .text.LL_CRC_ReadData16
                0x000000000800a900       0x1a ./Middlewares/ST/EEPROM_Emul/Core/eeprom_emul.o
 *fill*         0x000000000800a91a        0x2 
 .text.LL_AHB1_GRP1_EnableClock
                0x000000000800a91c       0x30 ./Middlewares/ST/EEPROM_Emul/Core/eeprom_emul.o
 .text.EE_Init  0x000000000800a94c      0xf24 ./Middlewares/ST/EEPROM_Emul/Core/eeprom_emul.o
                0x000000000800a94c                EE_Init
 .text.EE_Format
                0x000000000800b870      0x1c4 ./Middlewares/ST/EEPROM_Emul/Core/eeprom_emul.o
                0x000000000800b870                EE_Format
 .text.EE_ReadVariable32bits
                0x000000000800ba34       0x4a ./Middlewares/ST/EEPROM_Emul/Core/eeprom_emul.o
                0x000000000800ba34                EE_ReadVariable32bits
 .text.EE_WriteVariable32bits
                0x000000000800ba7e       0x34 ./Middlewares/ST/EEPROM_Emul/Core/eeprom_emul.o
                0x000000000800ba7e                EE_WriteVariable32bits
 *fill*         0x000000000800bab2        0x2 
 .text.EE_CleanUp
                0x000000000800bab4      0x1ac ./Middlewares/ST/EEPROM_Emul/Core/eeprom_emul.o
                0x000000000800bab4                EE_CleanUp
 .text.EE_CleanUp_IT
                0x000000000800bc60      0x1ac ./Middlewares/ST/EEPROM_Emul/Core/eeprom_emul.o
                0x000000000800bc60                EE_CleanUp_IT
 .text.EE_DeleteCorruptedFlashAddress
                0x000000000800be0c       0x18 ./Middlewares/ST/EEPROM_Emul/Core/eeprom_emul.o
                0x000000000800be0c                EE_DeleteCorruptedFlashAddress
 .text.ReadVariable
                0x000000000800be24      0x22c ./Middlewares/ST/EEPROM_Emul/Core/eeprom_emul.o
 .text.WriteVariable
                0x000000000800c050       0x3e ./Middlewares/ST/EEPROM_Emul/Core/eeprom_emul.o
 .text.VerifyPageFullyErased
                0x000000000800c08e       0x4a ./Middlewares/ST/EEPROM_Emul/Core/eeprom_emul.o
 .text.FindPage
                0x000000000800c0d8      0x2d8 ./Middlewares/ST/EEPROM_Emul/Core/eeprom_emul.o
 .text.PagesTransfer
                0x000000000800c3b0      0x5dc ./Middlewares/ST/EEPROM_Emul/Core/eeprom_emul.o
 .text.VerifyPagesFullWriteVariable
                0x000000000800c98c      0x138 ./Middlewares/ST/EEPROM_Emul/Core/eeprom_emul.o
 .text.SetPageState
                0x000000000800cac4      0x234 ./Middlewares/ST/EEPROM_Emul/Core/eeprom_emul.o
 .text.GetPageState
                0x000000000800ccf8       0xc4 ./Middlewares/ST/EEPROM_Emul/Core/eeprom_emul.o
 .text.ConfigureCrc
                0x000000000800cdbc       0x28 ./Middlewares/ST/EEPROM_Emul/Core/eeprom_emul.o
                0x000000000800cdbc                ConfigureCrc
 .text.CalculateCrc
                0x000000000800cde4       0x38 ./Middlewares/ST/EEPROM_Emul/Core/eeprom_emul.o
                0x000000000800cde4                CalculateCrc
 .text.FI_WriteDoubleWord
                0x000000000800ce1c       0x22 ./Middlewares/ST/EEPROM_Emul/Porting/STM32L4/flash_interface.o
                0x000000000800ce1c                FI_WriteDoubleWord
 *fill*         0x000000000800ce3e        0x2 
 .text.FI_PageErase
                0x000000000800ce40       0xb4 ./Middlewares/ST/EEPROM_Emul/Porting/STM32L4/flash_interface.o
                0x000000000800ce40                FI_PageErase
 .text.FI_PageErase_IT
                0x000000000800cef4       0xa8 ./Middlewares/ST/EEPROM_Emul/Porting/STM32L4/flash_interface.o
                0x000000000800cef4                FI_PageErase_IT
 .text.FI_CacheFlush
                0x000000000800cf9c       0x44 ./Middlewares/ST/EEPROM_Emul/Porting/STM32L4/flash_interface.o
                0x000000000800cf9c                FI_CacheFlush
 .text.GetBankNumber
                0x000000000800cfe0       0x9c ./Middlewares/ST/EEPROM_Emul/Porting/STM32L4/flash_interface.o
 .text.FI_DeleteCorruptedFlashAddress
                0x000000000800d07c      0x108 ./Middlewares/ST/EEPROM_Emul/Porting/STM32L4/flash_interface.o
                0x000000000800d07c                FI_DeleteCorruptedFlashAddress
 .text.FI_CheckBankConfig
                0x000000000800d184       0x10 ./Middlewares/ST/EEPROM_Emul/Porting/STM32L4/flash_interface.o
                0x000000000800d184                FI_CheckBankConfig
 .text.__errno  0x000000000800d194        0xc c:/st/stm32cubeide_1.1.0/stm32cubeide/plugins/com.st.stm32cube.ide.mcu.externaltools.gnu-tools-for-stm32.10.3-2021.10.win32_1.0.0.202111181127/tools/bin/../lib/gcc/arm-none-eabi/10.3.1/../../../../arm-none-eabi/lib/thumb/v7e-m+fp/hard\libc_nano.a(lib_a-errno.o)
                0x000000000800d194                __errno
 .text.__libc_init_array
                0x000000000800d1a0       0x48 c:/st/stm32cubeide_1.1.0/stm32cubeide/plugins/com.st.stm32cube.ide.mcu.externaltools.gnu-tools-for-stm32.10.3-2021.10.win32_1.0.0.202111181127/tools/bin/../lib/gcc/arm-none-eabi/10.3.1/../../../../arm-none-eabi/lib/thumb/v7e-m+fp/hard\libc_nano.a(lib_a-init.o)
                0x000000000800d1a0                __libc_init_array
 .text.memset   0x000000000800d1e8       0x10 c:/st/stm32cubeide_1.1.0/stm32cubeide/plugins/com.st.stm32cube.ide.mcu.externaltools.gnu-tools-for-stm32.10.3-2021.10.win32_1.0.0.202111181127/tools/bin/../lib/gcc/arm-none-eabi/10.3.1/../../../../arm-none-eabi/lib/thumb/v7e-m+fp/hard\libc_nano.a(lib_a-memset.o)
                0x000000000800d1e8                memset
 .text.__cvt    0x000000000800d1f8       0xc4 c:/st/stm32cubeide_1.1.0/stm32cubeide/plugins/com.st.stm32cube.ide.mcu.externaltools.gnu-tools-for-stm32.10.3-2021.10.win32_1.0.0.202111181127/tools/bin/../lib/gcc/arm-none-eabi/10.3.1/../../../../arm-none-eabi/lib/thumb/v7e-m+fp/hard\libc_nano.a(lib_a-nano-vfprintf_float.o)
                0x000000000800d1f8                __cvt
 .text.__exponent
                0x000000000800d2bc       0x7c c:/st/stm32cubeide_1.1.0/stm32cubeide/plugins/com.st.stm32cube.ide.mcu.externaltools.gnu-tools-for-stm32.10.3-2021.10.win32_1.0.0.202111181127/tools/bin/../lib/gcc/arm-none-eabi/10.3.1/../../../../arm-none-eabi/lib/thumb/v7e-m+fp/hard\libc_nano.a(lib_a-nano-vfprintf_float.o)
                0x000000000800d2bc                __exponent
 .text._printf_float
                0x000000000800d338      0x46c c:/st/stm32cubeide_1.1.0/stm32cubeide/plugins/com.st.stm32cube.ide.mcu.externaltools.gnu-tools-for-stm32.10.3-2021.10.win32_1.0.0.202111181127/tools/bin/../lib/gcc/arm-none-eabi/10.3.1/../../../../arm-none-eabi/lib/thumb/v7e-m+fp/hard\libc_nano.a(lib_a-nano-vfprintf_float.o)
                0x000000000800d338                _printf_float
 .text._printf_common
                0x000000000800d7a4       0xda c:/st/stm32cubeide_1.1.0/stm32cubeide/plugins/com.st.stm32cube.ide.mcu.externaltools.gnu-tools-for-stm32.10.3-2021.10.win32_1.0.0.202111181127/tools/bin/../lib/gcc/arm-none-eabi/10.3.1/../../../../arm-none-eabi/lib/thumb/v7e-m+fp/hard\libc_nano.a(lib_a-nano-vfprintf_i.o)
                0x000000000800d7a4                _printf_common
 *fill*         0x000000000800d87e        0x2 
 .text._printf_i
                0x000000000800d880      0x24c c:/st/stm32cubeide_1.1.0/stm32cubeide/plugins/com.st.stm32cube.ide.mcu.externaltools.gnu-tools-for-stm32.10.3-2021.10.win32_1.0.0.202111181127/tools/bin/../lib/gcc/arm-none-eabi/10.3.1/../../../../arm-none-eabi/lib/thumb/v7e-m+fp/hard\libc_nano.a(lib_a-nano-vfprintf_i.o)
                0x000000000800d880                _printf_i
 .text._scanf_float
                0x000000000800dacc      0x420 c:/st/stm32cubeide_1.1.0/stm32cubeide/plugins/com.st.stm32cube.ide.mcu.externaltools.gnu-tools-for-stm32.10.3-2021.10.win32_1.0.0.202111181127/tools/bin/../lib/gcc/arm-none-eabi/10.3.1/../../../../arm-none-eabi/lib/thumb/v7e-m+fp/hard\libc_nano.a(lib_a-nano-vfscanf_float.o)
                0x000000000800dacc                _scanf_float
 .text.nanf     0x000000000800deec        0xc c:/st/stm32cubeide_1.1.0/stm32cubeide/plugins/com.st.stm32cube.ide.mcu.externaltools.gnu-tools-for-stm32.10.3-2021.10.win32_1.0.0.202111181127/tools/bin/../lib/gcc/arm-none-eabi/10.3.1/../../../../arm-none-eabi/lib/thumb/v7e-m+fp/hard\libc_nano.a(lib_a-sf_nan.o)
                0x000000000800deec                nanf
 .text.sprintf  0x000000000800def8       0x40 c:/st/stm32cubeide_1.1.0/stm32cubeide/plugins/com.st.stm32cube.ide.mcu.externaltools.gnu-tools-for-stm32.10.3-2021.10.win32_1.0.0.202111181127/tools/bin/../lib/gcc/arm-none-eabi/10.3.1/../../../../arm-none-eabi/lib/thumb/v7e-m+fp/hard\libc_nano.a(lib_a-sprintf.o)
                0x000000000800def8                siprintf
                0x000000000800def8                sprintf
 .text.sulp     0x000000000800df38       0x38 c:/st/stm32cubeide_1.1.0/stm32cubeide/plugins/com.st.stm32cube.ide.mcu.externaltools.gnu-tools-for-stm32.10.3-2021.10.win32_1.0.0.202111181127/tools/bin/../lib/gcc/arm-none-eabi/10.3.1/../../../../arm-none-eabi/lib/thumb/v7e-m+fp/hard\libc_nano.a(lib_a-strtod.o)
 .text._strtod_l
                0x000000000800df70      0xc0c c:/st/stm32cubeide_1.1.0/stm32cubeide/plugins/com.st.stm32cube.ide.mcu.externaltools.gnu-tools-for-stm32.10.3-2021.10.win32_1.0.0.202111181127/tools/bin/../lib/gcc/arm-none-eabi/10.3.1/../../../../arm-none-eabi/lib/thumb/v7e-m+fp/hard\libc_nano.a(lib_a-strtod.o)
                0x000000000800df70                _strtod_l
 .text._strtod_r
                0x000000000800eb7c        0xc c:/st/stm32cubeide_1.1.0/stm32cubeide/plugins/com.st.stm32cube.ide.mcu.externaltools.gnu-tools-for-stm32.10.3-2021.10.win32_1.0.0.202111181127/tools/bin/../lib/gcc/arm-none-eabi/10.3.1/../../../../arm-none-eabi/lib/thumb/v7e-m+fp/hard\libc_nano.a(lib_a-strtod.o)
                0x000000000800eb7c                _strtod_r
 .text._strtol_l.constprop.0
                0x000000000800eb88      0x104 c:/st/stm32cubeide_1.1.0/stm32cubeide/plugins/com.st.stm32cube.ide.mcu.externaltools.gnu-tools-for-stm32.10.3-2021.10.win32_1.0.0.202111181127/tools/bin/../lib/gcc/arm-none-eabi/10.3.1/../../../../arm-none-eabi/lib/thumb/v7e-m+fp/hard\libc_nano.a(lib_a-strtol.o)
 .text._strtol_r
                0x000000000800ec8c        0x4 c:/st/stm32cubeide_1.1.0/stm32cubeide/plugins/com.st.stm32cube.ide.mcu.externaltools.gnu-tools-for-stm32.10.3-2021.10.win32_1.0.0.202111181127/tools/bin/../lib/gcc/arm-none-eabi/10.3.1/../../../../arm-none-eabi/lib/thumb/v7e-m+fp/hard\libc_nano.a(lib_a-strtol.o)
                0x000000000800ec8c                _strtol_r
 .text.quorem   0x000000000800ec90      0x116 c:/st/stm32cubeide_1.1.0/stm32cubeide/plugins/com.st.stm32cube.ide.mcu.externaltools.gnu-tools-for-stm32.10.3-2021.10.win32_1.0.0.202111181127/tools/bin/../lib/gcc/arm-none-eabi/10.3.1/../../../../arm-none-eabi/lib/thumb/v7e-m+fp/hard\libc_nano.a(lib_a-dtoa.o)
 *fill*         0x000000000800eda6        0x2 
 .text._dtoa_r  0x000000000800eda8      0xbdc c:/st/stm32cubeide_1.1.0/stm32cubeide/plugins/com.st.stm32cube.ide.mcu.externaltools.gnu-tools-for-stm32.10.3-2021.10.win32_1.0.0.202111181127/tools/bin/../lib/gcc/arm-none-eabi/10.3.1/../../../../arm-none-eabi/lib/thumb/v7e-m+fp/hard\libc_nano.a(lib_a-dtoa.o)
                0x000000000800eda8                _dtoa_r
 .text.rshift   0x000000000800f984       0xa4 c:/st/stm32cubeide_1.1.0/stm32cubeide/plugins/com.st.stm32cube.ide.mcu.externaltools.gnu-tools-for-stm32.10.3-2021.10.win32_1.0.0.202111181127/tools/bin/../lib/gcc/arm-none-eabi/10.3.1/../../../../arm-none-eabi/lib/thumb/v7e-m+fp/hard\libc_nano.a(lib_a-gdtoa-gethex.o)
 .text.__hexdig_fun
                0x000000000800fa28       0x2a c:/st/stm32cubeide_1.1.0/stm32cubeide/plugins/com.st.stm32cube.ide.mcu.externaltools.gnu-tools-for-stm32.10.3-2021.10.win32_1.0.0.202111181127/tools/bin/../lib/gcc/arm-none-eabi/10.3.1/../../../../arm-none-eabi/lib/thumb/v7e-m+fp/hard\libc_nano.a(lib_a-gdtoa-gethex.o)
                0x000000000800fa28                __hexdig_fun
 *fill*         0x000000000800fa52        0x2 
 .text.__gethex
                0x000000000800fa54      0x48c c:/st/stm32cubeide_1.1.0/stm32cubeide/plugins/com.st.stm32cube.ide.mcu.externaltools.gnu-tools-for-stm32.10.3-2021.10.win32_1.0.0.202111181127/tools/bin/../lib/gcc/arm-none-eabi/10.3.1/../../../../arm-none-eabi/lib/thumb/v7e-m+fp/hard\libc_nano.a(lib_a-gdtoa-gethex.o)
                0x000000000800fa54                __gethex
 .text.L_shift  0x000000000800fee0       0x24 c:/st/stm32cubeide_1.1.0/stm32cubeide/plugins/com.st.stm32cube.ide.mcu.externaltools.gnu-tools-for-stm32.10.3-2021.10.win32_1.0.0.202111181127/tools/bin/../lib/gcc/arm-none-eabi/10.3.1/../../../../arm-none-eabi/lib/thumb/v7e-m+fp/hard\libc_nano.a(lib_a-gdtoa-hexnan.o)
 .text.__match  0x000000000800ff04       0x28 c:/st/stm32cubeide_1.1.0/stm32cubeide/plugins/com.st.stm32cube.ide.mcu.externaltools.gnu-tools-for-stm32.10.3-2021.10.win32_1.0.0.202111181127/tools/bin/../lib/gcc/arm-none-eabi/10.3.1/../../../../arm-none-eabi/lib/thumb/v7e-m+fp/hard\libc_nano.a(lib_a-gdtoa-hexnan.o)
                0x000000000800ff04                __match
 .text.__hexnan
                0x000000000800ff2c      0x138 c:/st/stm32cubeide_1.1.0/stm32cubeide/plugins/com.st.stm32cube.ide.mcu.externaltools.gnu-tools-for-stm32.10.3-2021.10.win32_1.0.0.202111181127/tools/bin/../lib/gcc/arm-none-eabi/10.3.1/../../../../arm-none-eabi/lib/thumb/v7e-m+fp/hard\libc_nano.a(lib_a-gdtoa-hexnan.o)
                0x000000000800ff2c                __hexnan
 .text._localeconv_r
                0x0000000008010064        0x8 c:/st/stm32cubeide_1.1.0/stm32cubeide/plugins/com.st.stm32cube.ide.mcu.externaltools.gnu-tools-for-stm32.10.3-2021.10.win32_1.0.0.202111181127/tools/bin/../lib/gcc/arm-none-eabi/10.3.1/../../../../arm-none-eabi/lib/thumb/v7e-m+fp/hard\libc_nano.a(lib_a-localeconv.o)
                0x0000000008010064                _localeconv_r
 .text.malloc   0x000000000801006c       0x10 c:/st/stm32cubeide_1.1.0/stm32cubeide/plugins/com.st.stm32cube.ide.mcu.externaltools.gnu-tools-for-stm32.10.3-2021.10.win32_1.0.0.202111181127/tools/bin/../lib/gcc/arm-none-eabi/10.3.1/../../../../arm-none-eabi/lib/thumb/v7e-m+fp/hard\libc_nano.a(lib_a-malloc.o)
                0x000000000801006c                malloc
 .text.__ascii_mbtowc
                0x000000000801007c       0x24 c:/st/stm32cubeide_1.1.0/stm32cubeide/plugins/com.st.stm32cube.ide.mcu.externaltools.gnu-tools-for-stm32.10.3-2021.10.win32_1.0.0.202111181127/tools/bin/../lib/gcc/arm-none-eabi/10.3.1/../../../../arm-none-eabi/lib/thumb/v7e-m+fp/hard\libc_nano.a(lib_a-mbtowc_r.o)
                0x000000000801007c                __ascii_mbtowc
 .text.memcpy   0x00000000080100a0       0x1c c:/st/stm32cubeide_1.1.0/stm32cubeide/plugins/com.st.stm32cube.ide.mcu.externaltools.gnu-tools-for-stm32.10.3-2021.10.win32_1.0.0.202111181127/tools/bin/../lib/gcc/arm-none-eabi/10.3.1/../../../../arm-none-eabi/lib/thumb/v7e-m+fp/hard\libc_nano.a(lib_a-memcpy-stub.o)
                0x00000000080100a0                memcpy
 .text._Balloc  0x00000000080100bc       0x80 c:/st/stm32cubeide_1.1.0/stm32cubeide/plugins/com.st.stm32cube.ide.mcu.externaltools.gnu-tools-for-stm32.10.3-2021.10.win32_1.0.0.202111181127/tools/bin/../lib/gcc/arm-none-eabi/10.3.1/../../../../arm-none-eabi/lib/thumb/v7e-m+fp/hard\libc_nano.a(lib_a-mprec.o)
                0x00000000080100bc                _Balloc
 .text._Bfree   0x000000000801013c       0x44 c:/st/stm32cubeide_1.1.0/stm32cubeide/plugins/com.st.stm32cube.ide.mcu.externaltools.gnu-tools-for-stm32.10.3-2021.10.win32_1.0.0.202111181127/tools/bin/../lib/gcc/arm-none-eabi/10.3.1/../../../../arm-none-eabi/lib/thumb/v7e-m+fp/hard\libc_nano.a(lib_a-mprec.o)
                0x000000000801013c                _Bfree
 .text.__multadd
                0x0000000008010180       0x8c c:/st/stm32cubeide_1.1.0/stm32cubeide/plugins/com.st.stm32cube.ide.mcu.externaltools.gnu-tools-for-stm32.10.3-2021.10.win32_1.0.0.202111181127/tools/bin/../lib/gcc/arm-none-eabi/10.3.1/../../../../arm-none-eabi/lib/thumb/v7e-m+fp/hard\libc_nano.a(lib_a-mprec.o)
                0x0000000008010180                __multadd
 .text.__s2b    0x000000000801020c       0x94 c:/st/stm32cubeide_1.1.0/stm32cubeide/plugins/com.st.stm32cube.ide.mcu.externaltools.gnu-tools-for-stm32.10.3-2021.10.win32_1.0.0.202111181127/tools/bin/../lib/gcc/arm-none-eabi/10.3.1/../../../../arm-none-eabi/lib/thumb/v7e-m+fp/hard\libc_nano.a(lib_a-mprec.o)
                0x000000000801020c                __s2b
 .text.__hi0bits
                0x00000000080102a0       0x40 c:/st/stm32cubeide_1.1.0/stm32cubeide/plugins/com.st.stm32cube.ide.mcu.externaltools.gnu-tools-for-stm32.10.3-2021.10.win32_1.0.0.202111181127/tools/bin/../lib/gcc/arm-none-eabi/10.3.1/../../../../arm-none-eabi/lib/thumb/v7e-m+fp/hard\libc_nano.a(lib_a-mprec.o)
                0x00000000080102a0                __hi0bits
 .text.__lo0bits
                0x00000000080102e0       0x5e c:/st/stm32cubeide_1.1.0/stm32cubeide/plugins/com.st.stm32cube.ide.mcu.externaltools.gnu-tools-for-stm32.10.3-2021.10.win32_1.0.0.202111181127/tools/bin/../lib/gcc/arm-none-eabi/10.3.1/../../../../arm-none-eabi/lib/thumb/v7e-m+fp/hard\libc_nano.a(lib_a-mprec.o)
                0x00000000080102e0                __lo0bits
 *fill*         0x000000000801033e        0x2 
 .text.__i2b    0x0000000008010340       0x2c c:/st/stm32cubeide_1.1.0/stm32cubeide/plugins/com.st.stm32cube.ide.mcu.externaltools.gnu-tools-for-stm32.10.3-2021.10.win32_1.0.0.202111181127/tools/bin/../lib/gcc/arm-none-eabi/10.3.1/../../../../arm-none-eabi/lib/thumb/v7e-m+fp/hard\libc_nano.a(lib_a-mprec.o)
                0x0000000008010340                __i2b
 .text.__multiply
                0x000000000801036c      0x154 c:/st/stm32cubeide_1.1.0/stm32cubeide/plugins/com.st.stm32cube.ide.mcu.externaltools.gnu-tools-for-stm32.10.3-2021.10.win32_1.0.0.202111181127/tools/bin/../lib/gcc/arm-none-eabi/10.3.1/../../../../arm-none-eabi/lib/thumb/v7e-m+fp/hard\libc_nano.a(lib_a-mprec.o)
                0x000000000801036c                __multiply
 .text.__pow5mult
                0x00000000080104c0       0xb4 c:/st/stm32cubeide_1.1.0/stm32cubeide/plugins/com.st.stm32cube.ide.mcu.externaltools.gnu-tools-for-stm32.10.3-2021.10.win32_1.0.0.202111181127/tools/bin/../lib/gcc/arm-none-eabi/10.3.1/../../../../arm-none-eabi/lib/thumb/v7e-m+fp/hard\libc_nano.a(lib_a-mprec.o)
                0x00000000080104c0                __pow5mult
 .text.__lshift
                0x0000000008010574       0xe0 c:/st/stm32cubeide_1.1.0/stm32cubeide/plugins/com.st.stm32cube.ide.mcu.externaltools.gnu-tools-for-stm32.10.3-2021.10.win32_1.0.0.202111181127/tools/bin/../lib/gcc/arm-none-eabi/10.3.1/../../../../arm-none-eabi/lib/thumb/v7e-m+fp/hard\libc_nano.a(lib_a-mprec.o)
                0x0000000008010574                __lshift
 .text.__mcmp   0x0000000008010654       0x38 c:/st/stm32cubeide_1.1.0/stm32cubeide/plugins/com.st.stm32cube.ide.mcu.externaltools.gnu-tools-for-stm32.10.3-2021.10.win32_1.0.0.202111181127/tools/bin/../lib/gcc/arm-none-eabi/10.3.1/../../../../arm-none-eabi/lib/thumb/v7e-m+fp/hard\libc_nano.a(lib_a-mprec.o)
                0x0000000008010654                __mcmp
 .text.__mdiff  0x000000000801068c      0x114 c:/st/stm32cubeide_1.1.0/stm32cubeide/plugins/com.st.stm32cube.ide.mcu.externaltools.gnu-tools-for-stm32.10.3-2021.10.win32_1.0.0.202111181127/tools/bin/../lib/gcc/arm-none-eabi/10.3.1/../../../../arm-none-eabi/lib/thumb/v7e-m+fp/hard\libc_nano.a(lib_a-mprec.o)
                0x000000000801068c                __mdiff
 .text.__ulp    0x00000000080107a0       0x58 c:/st/stm32cubeide_1.1.0/stm32cubeide/plugins/com.st.stm32cube.ide.mcu.externaltools.gnu-tools-for-stm32.10.3-2021.10.win32_1.0.0.202111181127/tools/bin/../lib/gcc/arm-none-eabi/10.3.1/../../../../arm-none-eabi/lib/thumb/v7e-m+fp/hard\libc_nano.a(lib_a-mprec.o)
                0x00000000080107a0                __ulp
 .text.__b2d    0x00000000080107f8       0xa0 c:/st/stm32cubeide_1.1.0/stm32cubeide/plugins/com.st.stm32cube.ide.mcu.externaltools.gnu-tools-for-stm32.10.3-2021.10.win32_1.0.0.202111181127/tools/bin/../lib/gcc/arm-none-eabi/10.3.1/../../../../arm-none-eabi/lib/thumb/v7e-m+fp/hard\libc_nano.a(lib_a-mprec.o)
                0x00000000080107f8                __b2d
 .text.__d2b    0x0000000008010898       0xb8 c:/st/stm32cubeide_1.1.0/stm32cubeide/plugins/com.st.stm32cube.ide.mcu.externaltools.gnu-tools-for-stm32.10.3-2021.10.win32_1.0.0.202111181127/tools/bin/../lib/gcc/arm-none-eabi/10.3.1/../../../../arm-none-eabi/lib/thumb/v7e-m+fp/hard\libc_nano.a(lib_a-mprec.o)
                0x0000000008010898                __d2b
 .text.__ratio  0x0000000008010950       0x66 c:/st/stm32cubeide_1.1.0/stm32cubeide/plugins/com.st.stm32cube.ide.mcu.externaltools.gnu-tools-for-stm32.10.3-2021.10.win32_1.0.0.202111181127/tools/bin/../lib/gcc/arm-none-eabi/10.3.1/../../../../arm-none-eabi/lib/thumb/v7e-m+fp/hard\libc_nano.a(lib_a-mprec.o)
                0x0000000008010950                __ratio
 .text.__copybits
                0x00000000080109b6       0x46 c:/st/stm32cubeide_1.1.0/stm32cubeide/plugins/com.st.stm32cube.ide.mcu.externaltools.gnu-tools-for-stm32.10.3-2021.10.win32_1.0.0.202111181127/tools/bin/../lib/gcc/arm-none-eabi/10.3.1/../../../../arm-none-eabi/lib/thumb/v7e-m+fp/hard\libc_nano.a(lib_a-mprec.o)
                0x00000000080109b6                __copybits
 .text.__any_on
                0x00000000080109fc       0x42 c:/st/stm32cubeide_1.1.0/stm32cubeide/plugins/com.st.stm32cube.ide.mcu.externaltools.gnu-tools-for-stm32.10.3-2021.10.win32_1.0.0.202111181127/tools/bin/../lib/gcc/arm-none-eabi/10.3.1/../../../../arm-none-eabi/lib/thumb/v7e-m+fp/hard\libc_nano.a(lib_a-mprec.o)
                0x00000000080109fc                __any_on
 .text._calloc_r
                0x0000000008010a3e       0x2c c:/st/stm32cubeide_1.1.0/stm32cubeide/plugins/com.st.stm32cube.ide.mcu.externaltools.gnu-tools-for-stm32.10.3-2021.10.win32_1.0.0.202111181127/tools/bin/../lib/gcc/arm-none-eabi/10.3.1/../../../../arm-none-eabi/lib/thumb/v7e-m+fp/hard\libc_nano.a(lib_a-nano-callocr.o)
                0x0000000008010a3e                _calloc_r
 *fill*         0x0000000008010a6a        0x2 
 .text._free_r  0x0000000008010a6c       0x98 c:/st/stm32cubeide_1.1.0/stm32cubeide/plugins/com.st.stm32cube.ide.mcu.externaltools.gnu-tools-for-stm32.10.3-2021.10.win32_1.0.0.202111181127/tools/bin/../lib/gcc/arm-none-eabi/10.3.1/../../../../arm-none-eabi/lib/thumb/v7e-m+fp/hard\libc_nano.a(lib_a-nano-freer.o)
                0x0000000008010a6c                _free_r
 .text.sbrk_aligned
                0x0000000008010b04       0x40 c:/st/stm32cubeide_1.1.0/stm32cubeide/plugins/com.st.stm32cube.ide.mcu.externaltools.gnu-tools-for-stm32.10.3-2021.10.win32_1.0.0.202111181127/tools/bin/../lib/gcc/arm-none-eabi/10.3.1/../../../../arm-none-eabi/lib/thumb/v7e-m+fp/hard\libc_nano.a(lib_a-nano-mallocr.o)
 .text._malloc_r
                0x0000000008010b44       0xe8 c:/st/stm32cubeide_1.1.0/stm32cubeide/plugins/com.st.stm32cube.ide.mcu.externaltools.gnu-tools-for-stm32.10.3-2021.10.win32_1.0.0.202111181127/tools/bin/../lib/gcc/arm-none-eabi/10.3.1/../../../../arm-none-eabi/lib/thumb/v7e-m+fp/hard\libc_nano.a(lib_a-nano-mallocr.o)
                0x0000000008010b44                _malloc_r
 .text.__ssputs_r
                0x0000000008010c2c       0xb6 c:/st/stm32cubeide_1.1.0/stm32cubeide/plugins/com.st.stm32cube.ide.mcu.externaltools.gnu-tools-for-stm32.10.3-2021.10.win32_1.0.0.202111181127/tools/bin/../lib/gcc/arm-none-eabi/10.3.1/../../../../arm-none-eabi/lib/thumb/v7e-m+fp/hard\libc_nano.a(lib_a-nano-svfprintf.o)
                0x0000000008010c2c                __ssputs_r
 *fill*         0x0000000008010ce2        0x2 
 .text._svfprintf_r
                0x0000000008010ce4      0x200 c:/st/stm32cubeide_1.1.0/stm32cubeide/plugins/com.st.stm32cube.ide.mcu.externaltools.gnu-tools-for-stm32.10.3-2021.10.win32_1.0.0.202111181127/tools/bin/../lib/gcc/arm-none-eabi/10.3.1/../../../../arm-none-eabi/lib/thumb/v7e-m+fp/hard\libc_nano.a(lib_a-nano-svfprintf.o)
                0x0000000008010ce4                _svfiprintf_r
                0x0000000008010ce4                _svfprintf_r
 *fill*         0x0000000008010ee4        0x4 
 .text.nan      0x0000000008010ee8       0x10 c:/st/stm32cubeide_1.1.0/stm32cubeide/plugins/com.st.stm32cube.ide.mcu.externaltools.gnu-tools-for-stm32.10.3-2021.10.win32_1.0.0.202111181127/tools/bin/../lib/gcc/arm-none-eabi/10.3.1/../../../../arm-none-eabi/lib/thumb/v7e-m+fp/hard\libc_nano.a(lib_a-s_nan.o)
                0x0000000008010ee8                nan
 .text._sbrk_r  0x0000000008010ef8       0x20 c:/st/stm32cubeide_1.1.0/stm32cubeide/plugins/com.st.stm32cube.ide.mcu.externaltools.gnu-tools-for-stm32.10.3-2021.10.win32_1.0.0.202111181127/tools/bin/../lib/gcc/arm-none-eabi/10.3.1/../../../../arm-none-eabi/lib/thumb/v7e-m+fp/hard\libc_nano.a(lib_a-sbrkr.o)
                0x0000000008010ef8                _sbrk_r
 .text.strncmp  0x0000000008010f18       0x28 c:/st/stm32cubeide_1.1.0/stm32cubeide/plugins/com.st.stm32cube.ide.mcu.externaltools.gnu-tools-for-stm32.10.3-2021.10.win32_1.0.0.202111181127/tools/bin/../lib/gcc/arm-none-eabi/10.3.1/../../../../arm-none-eabi/lib/thumb/v7e-m+fp/hard\libc_nano.a(lib_a-strncmp.o)
                0x0000000008010f18                strncmp
 .text.__ascii_wctomb
                0x0000000008010f40       0x1a c:/st/stm32cubeide_1.1.0/stm32cubeide/plugins/com.st.stm32cube.ide.mcu.externaltools.gnu-tools-for-stm32.10.3-2021.10.win32_1.0.0.202111181127/tools/bin/../lib/gcc/arm-none-eabi/10.3.1/../../../../arm-none-eabi/lib/thumb/v7e-m+fp/hard\libc_nano.a(lib_a-wctomb_r.o)
                0x0000000008010f40                __ascii_wctomb
 *fill*         0x0000000008010f5a        0x2 
 .text.__assert_func
                0x0000000008010f5c       0x3c c:/st/stm32cubeide_1.1.0/stm32cubeide/plugins/com.st.stm32cube.ide.mcu.externaltools.gnu-tools-for-stm32.10.3-2021.10.win32_1.0.0.202111181127/tools/bin/../lib/gcc/arm-none-eabi/10.3.1/../../../../arm-none-eabi/lib/thumb/v7e-m+fp/hard\libc_nano.a(lib_a-assert.o)
                0x0000000008010f5c                __assert_func
 .text.fprintf  0x0000000008010f98       0x24 c:/st/stm32cubeide_1.1.0/stm32cubeide/plugins/com.st.stm32cube.ide.mcu.externaltools.gnu-tools-for-stm32.10.3-2021.10.win32_1.0.0.202111181127/tools/bin/../lib/gcc/arm-none-eabi/10.3.1/../../../../arm-none-eabi/lib/thumb/v7e-m+fp/hard\libc_nano.a(lib_a-fprintf.o)
                0x0000000008010f98                fiprintf
                0x0000000008010f98                fprintf
 .text.memmove  0x0000000008010fbc       0x34 c:/st/stm32cubeide_1.1.0/stm32cubeide/plugins/com.st.stm32cube.ide.mcu.externaltools.gnu-tools-for-stm32.10.3-2021.10.win32_1.0.0.202111181127/tools/bin/../lib/gcc/arm-none-eabi/10.3.1/../../../../arm-none-eabi/lib/thumb/v7e-m+fp/hard\libc_nano.a(lib_a-memmove.o)
                0x0000000008010fbc                memmove
 .text.__malloc_lock
                0x0000000008010ff0        0xc c:/st/stm32cubeide_1.1.0/stm32cubeide/plugins/com.st.stm32cube.ide.mcu.externaltools.gnu-tools-for-stm32.10.3-2021.10.win32_1.0.0.202111181127/tools/bin/../lib/gcc/arm-none-eabi/10.3.1/../../../../arm-none-eabi/lib/thumb/v7e-m+fp/hard\libc_nano.a(lib_a-mlock.o)
                0x0000000008010ff0                __malloc_lock
 .text.__malloc_unlock
                0x0000000008010ffc        0xc c:/st/stm32cubeide_1.1.0/stm32cubeide/plugins/com.st.stm32cube.ide.mcu.externaltools.gnu-tools-for-stm32.10.3-2021.10.win32_1.0.0.202111181127/tools/bin/../lib/gcc/arm-none-eabi/10.3.1/../../../../arm-none-eabi/lib/thumb/v7e-m+fp/hard\libc_nano.a(lib_a-mlock.o)
                0x0000000008010ffc                __malloc_unlock
 .text._realloc_r
                0x0000000008011008       0x5e c:/st/stm32cubeide_1.1.0/stm32cubeide/plugins/com.st.stm32cube.ide.mcu.externaltools.gnu-tools-for-stm32.10.3-2021.10.win32_1.0.0.202111181127/tools/bin/../lib/gcc/arm-none-eabi/10.3.1/../../../../arm-none-eabi/lib/thumb/v7e-m+fp/hard\libc_nano.a(lib_a-nano-reallocr.o)
                0x0000000008011008                _realloc_r
 .text.__sfputc_r
                0x0000000008011066       0x2e c:/st/stm32cubeide_1.1.0/stm32cubeide/plugins/com.st.stm32cube.ide.mcu.externaltools.gnu-tools-for-stm32.10.3-2021.10.win32_1.0.0.202111181127/tools/bin/../lib/gcc/arm-none-eabi/10.3.1/../../../../arm-none-eabi/lib/thumb/v7e-m+fp/hard\libc_nano.a(lib_a-nano-vfprintf.o)
 .text.__sfputs_r
                0x0000000008011094       0x24 c:/st/stm32cubeide_1.1.0/stm32cubeide/plugins/com.st.stm32cube.ide.mcu.externaltools.gnu-tools-for-stm32.10.3-2021.10.win32_1.0.0.202111181127/tools/bin/../lib/gcc/arm-none-eabi/10.3.1/../../../../arm-none-eabi/lib/thumb/v7e-m+fp/hard\libc_nano.a(lib_a-nano-vfprintf.o)
                0x0000000008011094                __sfputs_r
 .text._vfprintf_r
                0x00000000080110b8      0x260 c:/st/stm32cubeide_1.1.0/stm32cubeide/plugins/com.st.stm32cube.ide.mcu.externaltools.gnu-tools-for-stm32.10.3-2021.10.win32_1.0.0.202111181127/tools/bin/../lib/gcc/arm-none-eabi/10.3.1/../../../../arm-none-eabi/lib/thumb/v7e-m+fp/hard\libc_nano.a(lib_a-nano-vfprintf.o)
                0x00000000080110b8                _vfprintf_r
                0x00000000080110b8                _vfiprintf_r
 .text.__swbuf_r
                0x0000000008011318       0xa4 c:/st/stm32cubeide_1.1.0/stm32cubeide/plugins/com.st.stm32cube.ide.mcu.externaltools.gnu-tools-for-stm32.10.3-2021.10.win32_1.0.0.202111181127/tools/bin/../lib/gcc/arm-none-eabi/10.3.1/../../../../arm-none-eabi/lib/thumb/v7e-m+fp/hard\libc_nano.a(lib_a-wbuf.o)
                0x0000000008011318                __swbuf_r
 .text.__swsetup_r
                0x00000000080113bc       0xdc c:/st/stm32cubeide_1.1.0/stm32cubeide/plugins/com.st.stm32cube.ide.mcu.externaltools.gnu-tools-for-stm32.10.3-2021.10.win32_1.0.0.202111181127/tools/bin/../lib/gcc/arm-none-eabi/10.3.1/../../../../arm-none-eabi/lib/thumb/v7e-m+fp/hard\libc_nano.a(lib_a-wsetup.o)
                0x00000000080113bc                __swsetup_r
 .text.abort    0x0000000008011498        0xe c:/st/stm32cubeide_1.1.0/stm32cubeide/plugins/com.st.stm32cube.ide.mcu.externaltools.gnu-tools-for-stm32.10.3-2021.10.win32_1.0.0.202111181127/tools/bin/../lib/gcc/arm-none-eabi/10.3.1/../../../../arm-none-eabi/lib/thumb/v7e-m+fp/hard\libc_nano.a(lib_a-abort.o)
                0x0000000008011498                abort
 *fill*         0x00000000080114a6        0x2 
 .text.__sflush_r
                0x00000000080114a8      0x10c c:/st/stm32cubeide_1.1.0/stm32cubeide/plugins/com.st.stm32cube.ide.mcu.externaltools.gnu-tools-for-stm32.10.3-2021.10.win32_1.0.0.202111181127/tools/bin/../lib/gcc/arm-none-eabi/10.3.1/../../../../arm-none-eabi/lib/thumb/v7e-m+fp/hard\libc_nano.a(lib_a-fflush.o)
                0x00000000080114a8                __sflush_r
 .text._fflush_r
                0x00000000080115b4       0x78 c:/st/stm32cubeide_1.1.0/stm32cubeide/plugins/com.st.stm32cube.ide.mcu.externaltools.gnu-tools-for-stm32.10.3-2021.10.win32_1.0.0.202111181127/tools/bin/../lib/gcc/arm-none-eabi/10.3.1/../../../../arm-none-eabi/lib/thumb/v7e-m+fp/hard\libc_nano.a(lib_a-fflush.o)
                0x00000000080115b4                _fflush_r
 .text.std      0x000000000801162c       0x48 c:/st/stm32cubeide_1.1.0/stm32cubeide/plugins/com.st.stm32cube.ide.mcu.externaltools.gnu-tools-for-stm32.10.3-2021.10.win32_1.0.0.202111181127/tools/bin/../lib/gcc/arm-none-eabi/10.3.1/../../../../arm-none-eabi/lib/thumb/v7e-m+fp/hard\libc_nano.a(lib_a-findfp.o)
 .text._cleanup_r
                0x0000000008011674        0xc c:/st/stm32cubeide_1.1.0/stm32cubeide/plugins/com.st.stm32cube.ide.mcu.externaltools.gnu-tools-for-stm32.10.3-2021.10.win32_1.0.0.202111181127/tools/bin/../lib/gcc/arm-none-eabi/10.3.1/../../../../arm-none-eabi/lib/thumb/v7e-m+fp/hard\libc_nano.a(lib_a-findfp.o)
                0x0000000008011674                _cleanup_r
 .text.__sfmoreglue
                0x0000000008011680       0x2c c:/st/stm32cubeide_1.1.0/stm32cubeide/plugins/com.st.stm32cube.ide.mcu.externaltools.gnu-tools-for-stm32.10.3-2021.10.win32_1.0.0.202111181127/tools/bin/../lib/gcc/arm-none-eabi/10.3.1/../../../../arm-none-eabi/lib/thumb/v7e-m+fp/hard\libc_nano.a(lib_a-findfp.o)
                0x0000000008011680                __sfmoreglue
 .text.__sfp_lock_acquire
                0x00000000080116ac        0xc c:/st/stm32cubeide_1.1.0/stm32cubeide/plugins/com.st.stm32cube.ide.mcu.externaltools.gnu-tools-for-stm32.10.3-2021.10.win32_1.0.0.202111181127/tools/bin/../lib/gcc/arm-none-eabi/10.3.1/../../../../arm-none-eabi/lib/thumb/v7e-m+fp/hard\libc_nano.a(lib_a-findfp.o)
                0x00000000080116ac                __sfp_lock_acquire
 .text.__sfp_lock_release