../Core/Src/LoRa_APP_slave.c:49:6:LoRa_USART	32	static,ignoring_inline_asm
../Core/Src/LoRa_APP_slave.c:232:20:LoRaInit	120	static
../Core/Src/LoRa_APP_slave.c:354:20:AdrOff	16	static
../Core/Src/LoRa_APP_slave.c:366:20:TxConfirmOff	16	static
../Core/Src/LoRa_APP_slave.c:380:20:ActiveABPMode	16	static
../Core/Src/LoRa_APP_slave.c:394:6:LoRaTransmitData	136	static
../Core/Src/LoRa_APP_slave.c:403:6:LoRaCommand	16	static
../Core/Src/LoRa_APP_slave.c:423:20:LoRaResCheck	40	static
../Core/Src/LoRa_APP_slave.c:462:21:LoRaTxResCheck	80	static
../Core/Src/LoRa_APP_slave.c:508:20:Check_2ResMsg	16	static
../Core/Src/LoRa_APP_slave.c:538:20:Check_JoinResMsg	8	static
../Core/Src/LoRa_APP_slave.c:560:20:Check_Tx1stResMsg	24	static
../Core/Src/LoRa_APP_slave.c:610:20:Check_Tx2ndResMsg	24	static
../Core/Src/LoRa_APP_slave.c:657:6:LoRaChipReset	16	static
../Core/Src/LoRa_APP_slave.c:669:6:LoRaFactorReset	16	static
../Core/Src/LoRa_APP_slave.c:681:20:WakeUpTrigger	16	static
../Core/Src/LoRa_APP_slave.c:713:20:CheckJoinStatus	16	static
../Core/Src/LoRa_APP_slave.c:721:20:EnterSleep	16	static
../Core/Src/LoRa_APP_slave.c:740:20:LoRaSaveCF	16	static
../Core/Src/LoRa_APP_slave.c:760:20:LoRachipCrashDetect_HDRST	16	static
../Core/Src/LoRa_APP_slave.c:788:6:LoRachipCrashDetect_Stop	16	static
../Core/Src/LoRa_APP_slave.c:795:6:LoRa_status_init	16	static
../Core/Src/LoRa_APP_slave.c:805:6:receive_data_dubug	8	static,ignoring_inline_asm
