../Drivers/STM32L4xx_HAL_Driver/Inc/stm32l4xx_ll_crc.h:173:22:LL_CRC_SetPolynomialSize	16	static
../Drivers/STM32L4xx_HAL_Driver/Inc/stm32l4xx_ll_crc.h:204:22:LL_CRC_SetInputDataReverseMode	16	static
../Drivers/STM32L4xx_HAL_Driver/Inc/stm32l4xx_ll_crc.h:233:22:LL_CRC_SetOutputDataReverseMode	16	static
../Drivers/STM32L4xx_HAL_Driver/Inc/stm32l4xx_ll_crc.h:261:22:LL_CRC_SetInitialData	16	static
../Drivers/STM32L4xx_HAL_Driver/Inc/stm32l4xx_ll_crc.h:291:22:LL_CRC_SetPolynomialCoef	16	static
../Drivers/STM32L4xx_HAL_Driver/Inc/stm32l4xx_ll_bus.h:329:22:LL_AHB1_GRP1_EnableClock	24	static
../Core/Src/main.c:126:5:main	16	static
../Core/Src/main.c:383:6:SystemClock_Config	240	static
../Core/Src/main.c:448:13:MX_ADC1_Init	48	static
../Core/Src/main.c:522:13:MX_CRC_Init	8	static
../Core/Src/main.c:551:13:MX_IWDG_Init	8	static
../Core/Src/main.c:580:13:MX_RTC_Init	8	static
../Core/Src/main.c:615:13:MX_TIM2_Init	40	static
../Core/Src/main.c:660:13:MX_USART1_UART_Init	8	static
../Core/Src/main.c:695:13:MX_GPIO_Init	40	static
../Core/Src/main.c:734:6:HAL_UART_RxCpltCallback	16	static
../Core/Src/main.c:802:6:IWDGFreezeBySTDBY	8	static
../Core/Src/main.c:837:6:HAL_TIM_PeriodElapsedCallback	16	static
../Core/Src/main.c:864:6:HAL_PWR_PVDCallback	16	static,ignoring_inline_asm
../Core/Src/main.c:904:6:HAL_FLASH_EndOfOperationCallback	16	static
../Core/Src/main.c:918:6:EE_EndOfCleanup_UserCallback	4	static
../Core/Src/main.c:924:11:EEPROM_Emu_read	16	static
../Core/Src/main.c:946:11:EEPROM_Emu_write	16	static
../Core/Src/main.c:987:6:Error_Handler	4	static,ignoring_inline_asm
