../Drivers/STM32L4xx_HAL_Driver/Inc/stm32l4xx_ll_crc.h:157:22:LL_CRC_ResetCRCCalculationUnit	16	static
../Drivers/STM32L4xx_HAL_Driver/Inc/stm32l4xx_ll_crc.h:173:22:LL_CRC_SetPolynomialSize	16	static
../Drivers/STM32L4xx_HAL_Driver/Inc/stm32l4xx_ll_crc.h:291:22:LL_CRC_SetPolynomialCoef	16	static
../Drivers/STM32L4xx_HAL_Driver/Inc/stm32l4xx_ll_crc.h:325:22:LL_CRC_FeedData32	16	static
../Drivers/STM32L4xx_HAL_Driver/Inc/stm32l4xx_ll_crc.h:337:22:LL_CRC_FeedData16	24	static
../Drivers/STM32L4xx_HAL_Driver/Inc/stm32l4xx_ll_crc.h:375:26:LL_CRC_ReadData16	16	static
../Drivers/STM32L4xx_HAL_Driver/Inc/stm32l4xx_ll_bus.h:329:22:LL_AHB1_GRP1_EnableClock	24	static
../Middlewares/ST/EEPROM_Emul/Core/eeprom_emul.c:187:11:EE_Init	72	static
../Middlewares/ST/EEPROM_Emul/Core/eeprom_emul.c:571:11:EE_Format	24	static
../Middlewares/ST/EEPROM_Emul/Core/eeprom_emul.c:654:11:EE_ReadVariable32bits	24	static
../Middlewares/ST/EEPROM_Emul/Core/eeprom_emul.c:683:11:EE_ReadVariable16bits	24	static
../Middlewares/ST/EEPROM_Emul/Core/eeprom_emul.c:711:11:EE_ReadVariable8bits	24	static
../Middlewares/ST/EEPROM_Emul/Core/eeprom_emul.c:742:11:EE_WriteVariable32bits	16	static
../Middlewares/ST/EEPROM_Emul/Core/eeprom_emul.c:766:11:EE_WriteVariable16bits	16	static
../Middlewares/ST/EEPROM_Emul/Core/eeprom_emul.c:789:11:EE_WriteVariable8bits	16	static
../Middlewares/ST/EEPROM_Emul/Core/eeprom_emul.c:810:11:EE_CleanUp	32	static
../Middlewares/ST/EEPROM_Emul/Core/eeprom_emul.c:882:11:EE_CleanUp_IT	32	static
../Middlewares/ST/EEPROM_Emul/Core/eeprom_emul.c:942:11:EE_DeleteCorruptedFlashAddress	16	static
../Middlewares/ST/EEPROM_Emul/Core/eeprom_emul.c:951:13:EE_EndOfCleanup_UserCallback	4	static
../Middlewares/ST/EEPROM_Emul/Core/eeprom_emul.c:976:18:ReadVariable	48	static
../Middlewares/ST/EEPROM_Emul/Core/eeprom_emul.c:1049:18:WriteVariable	24	static
../Middlewares/ST/EEPROM_Emul/Core/eeprom_emul.c:1077:18:VerifyPageFullyErased	24	static
../Middlewares/ST/EEPROM_Emul/Core/eeprom_emul.c:1112:17:FindPage	32	static
../Middlewares/ST/EEPROM_Emul/Core/eeprom_emul.c:1262:18:PagesTransfer	48	static
../Middlewares/ST/EEPROM_Emul/Core/eeprom_emul.c:1474:18:VerifyPagesFullWriteVariable	80	static
../Middlewares/ST/EEPROM_Emul/Core/eeprom_emul.c:1538:18:SetPageState	32	static
../Middlewares/ST/EEPROM_Emul/Core/eeprom_emul.c:1639:22:GetPageState	48	static
../Middlewares/ST/EEPROM_Emul/Core/eeprom_emul.c:1688:6:ConfigureCrc	8	static
../Middlewares/ST/EEPROM_Emul/Core/eeprom_emul.c:1718:10:CalculateCrc	16	static
